Component: ARM Compiler 5.06 update 7 (build 960) Tool: armlink [4d3601]

==============================================================================

Section Cross References

    startup_stm32f103xe.o(STACK) refers (Special) to heapauxi.o(.text) for __use_two_region_memory
    startup_stm32f103xe.o(HEAP) refers (Special) to heapauxi.o(.text) for __use_two_region_memory
    startup_stm32f103xe.o(RESET) refers (Special) to heapauxi.o(.text) for __use_two_region_memory
    startup_stm32f103xe.o(RESET) refers to startup_stm32f103xe.o(STACK) for __initial_sp
    startup_stm32f103xe.o(RESET) refers to startup_stm32f103xe.o(.text) for Reset_Handler
    startup_stm32f103xe.o(RESET) refers to stm32f1xx_it.o(i.NMI_Handler) for NMI_Handler
    startup_stm32f103xe.o(RESET) refers to stm32f1xx_it.o(i.HardFault_Handler) for HardFault_Handler
    startup_stm32f103xe.o(RESET) refers to stm32f1xx_it.o(i.MemManage_Handler) for MemManage_Handler
    startup_stm32f103xe.o(RESET) refers to stm32f1xx_it.o(i.BusFault_Handler) for BusFault_Handler
    startup_stm32f103xe.o(RESET) refers to stm32f1xx_it.o(i.UsageFault_Handler) for UsageFault_Handler
    startup_stm32f103xe.o(RESET) refers to port.o(.emb_text) for SVC_Handler
    startup_stm32f103xe.o(RESET) refers to stm32f1xx_it.o(i.DebugMon_Handler) for DebugMon_Handler
    startup_stm32f103xe.o(RESET) refers to port.o(i.SysTick_Handler) for SysTick_Handler
    startup_stm32f103xe.o(RESET) refers to stm32f1xx_it.o(i.DMA1_Channel4_IRQHandler) for DMA1_Channel4_IRQHandler
    startup_stm32f103xe.o(RESET) refers to stm32f1xx_it.o(i.DMA1_Channel5_IRQHandler) for DMA1_Channel5_IRQHandler
    startup_stm32f103xe.o(RESET) refers to stm32f1xx_it.o(i.DMA1_Channel7_IRQHandler) for DMA1_Channel7_IRQHandler
    startup_stm32f103xe.o(RESET) refers to usart.o(i.USART1_IRQHandler) for USART1_IRQHandler
    startup_stm32f103xe.o(RESET) refers to stm32f1xx_it.o(i.USART2_IRQHandler) for USART2_IRQHandler
    startup_stm32f103xe.o(RESET) refers to stm32f1xx_it.o(i.TIM8_UP_IRQHandler) for TIM8_UP_IRQHandler
    startup_stm32f103xe.o(.text) refers (Special) to heapauxi.o(.text) for __use_two_region_memory
    startup_stm32f103xe.o(.text) refers to system_stm32f1xx.o(i.SystemInit) for SystemInit
    startup_stm32f103xe.o(.text) refers to __main.o(!!!main) for __main
    startup_stm32f103xe.o(.text) refers to startup_stm32f103xe.o(HEAP) for Heap_Mem
    startup_stm32f103xe.o(.text) refers to startup_stm32f103xe.o(STACK) for Stack_Mem
    main.o(i.HAL_TIM_PeriodElapsedCallback) refers to stm32f1xx_hal.o(i.HAL_IncTick) for HAL_IncTick
    main.o(i.SystemClock_Config) refers to rt_memclr_w.o(.text) for __aeabi_memclr4
    main.o(i.SystemClock_Config) refers to stm32f1xx_hal_rcc.o(i.HAL_RCC_OscConfig) for HAL_RCC_OscConfig
    main.o(i.SystemClock_Config) refers to stm32f1xx_hal_rcc.o(i.HAL_RCC_ClockConfig) for HAL_RCC_ClockConfig
    main.o(i.main) refers to stm32f1xx_hal.o(i.HAL_Init) for HAL_Init
    main.o(i.main) refers to main.o(i.SystemClock_Config) for SystemClock_Config
    main.o(i.main) refers to gpio.o(i.MX_GPIO_Init) for MX_GPIO_Init
    main.o(i.main) refers to dma.o(i.MX_DMA_Init) for MX_DMA_Init
    main.o(i.main) refers to usart.o(i.MX_USART1_UART_Init) for MX_USART1_UART_Init
    main.o(i.main) refers to usart.o(i.MX_USART2_UART_Init) for MX_USART2_UART_Init
    main.o(i.main) refers to freertos.o(i.MX_FREERTOS_Init) for MX_FREERTOS_Init
    main.o(i.main) refers to cmsis_os.o(i.osKernelStart) for osKernelStart
    gpio.o(i.MX_GPIO_Init) refers to stm32f1xx_hal_gpio.o(i.HAL_GPIO_WritePin) for HAL_GPIO_WritePin
    gpio.o(i.MX_GPIO_Init) refers to stm32f1xx_hal_gpio.o(i.HAL_GPIO_Init) for HAL_GPIO_Init
    freertos.o(i.MX_FREERTOS_Init) refers to rt_memcpy_w.o(.text) for __aeabi_memcpy4
    freertos.o(i.MX_FREERTOS_Init) refers to cmsis_os.o(i.osThreadCreate) for osThreadCreate
    freertos.o(i.MX_FREERTOS_Init) refers to freertos.o(.constdata) for .constdata
    freertos.o(i.MX_FREERTOS_Init) refers to freertos.o(.data) for .data
    freertos.o(i.StartDefaultTask) refers to cmsis_os.o(i.osDelay) for osDelay
    freertos.o(i.StartDefaultTask) refers to rt_memcpy_w.o(.text) for __aeabi_memcpy4
    freertos.o(i.StartDefaultTask) refers to cmsis_os.o(i.osThreadCreate) for osThreadCreate
    freertos.o(i.StartDefaultTask) refers to tasks.o(i.vTaskDelete) for vTaskDelete
    freertos.o(i.StartDefaultTask) refers to freertos.o(.data) for .data
    freertos.o(i.StartDefaultTask) refers to freertos.o(.constdata) for .constdata
    freertos.o(i.StartTFTLCDTask) refers to cmsis_os.o(i.osDelay) for osDelay
    freertos.o(i.StartTFTLCDTask) refers to usart.o(i.cJSON_msg_parse) for cJSON_msg_parse
    freertos.o(i.StartTFTLCDTask) refers to rt_memclr.o(.text) for __aeabi_memclr
    freertos.o(i.StartTFTLCDTask) refers to usart.o(.data) for usart1_rx_flag
    freertos.o(i.StartTFTLCDTask) refers to usart.o(.data) for cjson_parse_fail_flag
[...]
    x$fpl$dfix                               0x08005170   Section       94  dfix.o(x$fpl$dfix)
    x$fpl$dleqf                              0x080051d0   Section      120  dleqf.o(x$fpl$dleqf)
    x$fpl$dnaninf                            0x08005248   Section      156  dnaninf.o(x$fpl$dnaninf)
    x$fpl$drleqf                             0x080052e4   Section      108  drleqf.o(x$fpl$drleqf)
    x$fpl$fretinf                            0x08005350   Section       10  fretinf.o(x$fpl$fretinf)
    x$fpl$ieeestatus                         0x0800535a   Section        6  istatus.o(x$fpl$ieeestatus)
    x$fpl$retnan                             0x08005360   Section      100  retnan.o(x$fpl$retnan)
    x$fpl$scalbn                             0x080053c4   Section       92  scalbn.o(x$fpl$scalbn)
    x$fpl$scanf1                             0x08005420   Section        4  scanf1.o(x$fpl$scanf1)
    x$fpl$scanf2                             0x08005424   Section        8  scanf2.o(x$fpl$scanf2)
    x$fpl$trapveneer                         0x0800542c   Section       48  trapv.o(x$fpl$trapveneer)
    .constdata                               0x0800545c   Section       56  freertos.o(.constdata)
    x$fpl$usenofp                            0x0800545c   Section        0  usenofp.o(x$fpl$usenofp)
    .constdata                               0x08005494   Section       18  stm32f1xx_hal_rcc.o(.constdata)
    aPredivFactorTable                       0x08005494   Data           2  stm32f1xx_hal_rcc.o(.constdata)
    aPLLMULFactorTable                       0x08005496   Data          16  stm32f1xx_hal_rcc.o(.constdata)
    .constdata                               0x080054a6   Section       16  system_stm32f1xx.o(.constdata)
    .constdata                               0x080054b6   Section        8  system_stm32f1xx.o(.constdata)
    .constdata                               0x080054c0   Section      148  bigflt0.o(.constdata)
    tenpwrs_x                                0x080054c0   Data          60  bigflt0.o(.constdata)
    tenpwrs_i                                0x080054fc   Data          64  bigflt0.o(.constdata)
    .conststring                             0x08005554   Section       24  freertos.o(.conststring)
    c$$dinf                                  0x0800558c   Section        8  fpconst.o(c$$dinf)
    c$$dmax                                  0x08005594   Section        8  fpconst.o(c$$dmax)
    locale$$data                             0x0800559c   Section      272  lc_ctype_c.o(locale$$data)
    __lcctype_c_name                         0x080055a0   Data           2  lc_ctype_c.o(locale$$data)
    __lcctype_c_start                        0x080055a8   Data           0  lc_ctype_c.o(locale$$data)
    locale$$data                             0x080056ac   Section       28  lc_numeric_c.o(locale$$data)
    __lcctype_c_end                          0x080056ac   Data           0  lc_ctype_c.o(locale$$data)
    __lcnum_c_name                           0x080056b0   Data           2  lc_numeric_c.o(locale$$data)
    __lcnum_c_start                          0x080056b8   Data           0  lc_numeric_c.o(locale$$data)
    __lcnum_c_point                          0x080056c4   Data           0  lc_numeric_c.o(locale$$data)
    __lcnum_c_thousands                      0x080056c6   Data           0  lc_numeric_c.o(locale$$data)
    __lcnum_c_grouping                       0x080056c7   Data           0  lc_numeric_c.o(locale$$data)
    __lcnum_c_end                            0x080056c8   Data           0  lc_numeric_c.o(locale$$data)
    .data                                    0x20000000   Section        8  freertos.o(.data)
    .data                                    0x20000008   Section        4  usart.o(.data)
    .data                                    0x2000000c   Section        1  usart.o(.data)
    .data                                    0x20000010   Section       20  cjson.o(.data)
    global_error                             0x20000010   Data           8  cjson.o(.data)
    global_hooks                             0x20000018   Data          12  cjson.o(.data)
    .data                                    0x20000024   Section       12  stm32f1xx_hal.o(.data)
    .data                                    0x20000030   Section        4  system_stm32f1xx.o(.data)
    .data                                    0x20000034   Section       60  tasks.o(.data)
    pxDelayedTaskList                        0x20000038   Data           4  tasks.o(.data)
    pxOverflowDelayedTaskList                0x2000003c   Data           4  tasks.o(.data)
    uxDeletedTasksWaitingCleanUp             0x20000040   Data           4  tasks.o(.data)
    uxCurrentNumberOfTasks                   0x20000044   Data           4  tasks.o(.data)
    xTickCount                               0x20000048   Data           4  tasks.o(.data)
    uxTopReadyPriority                       0x2000004c   Data           4  tasks.o(.data)
    xSchedulerRunning                        0x20000050   Data           4  tasks.o(.data)
    uxPendedTicks                            0x20000054   Data           4  tasks.o(.data)
    xYieldPending                            0x20000058   Data           4  tasks.o(.data)
    xNumOfOverflows                          0x2000005c   Data           4  tasks.o(.data)
    uxTaskNumber                             0x20000060   Data           4  tasks.o(.data)
    xNextTaskUnblockTime                     0x20000064   Data           4  tasks.o(.data)
    xIdleTaskHandle                          0x20000068   Data           4  tasks.o(.data)
    uxSchedulerSuspended                     0x2000006c   Data           4  tasks.o(.data)
    .data                                    0x20000070   Section       24  heap_4.o(.data)
    pxEnd                                    0x20000070   Data           4  heap_4.o(.data)
    xFreeBytesRemaining                      0x20000074   Data           4  heap_4.o(.data)
    xMinimumEverFreeBytesRemaining           0x20000078   Data           4  heap_4.o(.data)
    xBlockAllocatedBit                       0x2000007c   Data           4  heap_4.o(.data)
    xStart                                   0x20000080   Data           8  heap_4.o(.data)
    .data                                    0x20000088   Section       12  port.o(.data)
    ucMaxSysCallPriority                     0x20000088   Data           1  port.o(.data)
    uxCriticalNesting                        0x2000008c   Data           4  port.o(.data)
    ulMaxPRIGROUPValue                       0x20000090   Data           4  port.o(.data)
    .bss                                     0x20000094   Section      596  freertos.o(.bss)
    xIdleTaskTCBBuffer                       0x20000094   Data          84  freertos.o(.bss)
    xIdleStack                               0x200000e8   Data         512  freertos.o(.bss)
    .bss                                     0x200002e8   Section      664  usart.o(.bss)
    .bss                                     0x20000580   Section       72  stm32f1xx_hal_timebase_tim.o(.bss)
    .bss                                     0x200005c8   Section      240  tasks.o(.bss)
    pxReadyTasksLists                        0x200005c8   Data         140  tasks.o(.bss)
    xDelayedTaskList1                        0x20000654   Data          20  tasks.o(.bss)
    xDelayedTaskList2                        0x20000668   Data          20  tasks.o(.bss)
    xPendingReadyList                        0x2000067c   Data          20  tasks.o(.bss)
    xTasksWaitingTermination                 0x20000690   Data          20  tasks.o(.bss)
    xSuspendedTaskList                       0x200006a4   Data          20  tasks.o(.bss)
    .bss                                     0x200006b8   Section     3072  heap_4.o(.bss)
    ucHeap                                   0x200006b8   Data        3072  heap_4.o(.bss)
    .bss                                     0x200012b8   Section       96  libspace.o(.bss)
    HEAP                                     0x20001318   Section      512  startup_stm32f103xe.o(HEAP)
    Heap_Mem                                 0x20001318   Data         512  startup_stm32f103xe.o(HEAP)
    STACK                                    0x20001518   Section     2048  startup_stm32f103xe.o(STACK)
    Stack_Mem                                0x20001518   Data        2048  startup_stm32f103xe.o(STACK)
    __initial_sp                             0x20001d18   Data           0  startup_stm32f103xe.o(STACK)

    Global Symbols

    Symbol Name                              Value     Ov Type        Size  Object(Section)

    BuildAttributes$$THM_ISAv4$P$D$K$B$S$PE$A:L22UL41UL21$X:L11$S22US41US21$IEEE1$IW$USESV6$~STKCKD$USESV7$~SHL$OTIME$ROPI$IEEEX$EBA8$UX$STANDARDLIB$REQ8$PRES8$EABIv2 0x00000000   Number         0  anon$$obj.o ABSOLUTE
    __ARM_use_no_argv                        0x00000000   Number         0  main.o ABSOLUTE
    _printf_flags                            0x00000000   Number         0  printf_stubs.o ABSOLUTE
    _printf_return_value                     0x00000000   Number         0  printf_stubs.o ABSOLUTE
    _printf_sizespec                         0x00000000   Number         0  printf_stubs.o ABSOLUTE
    _printf_widthprec                        0x00000000   Number         0  printf_stubs.o ABSOLUTE
    __ARM_exceptions_init                     - Undefined Weak Reference
    __alloca_initialize                       - Undefined Weak Reference
    __arm_fini_                               - Undefined Weak Reference
    __arm_preinit_                            - Undefined Weak Reference
    __cpp_initialize__aeabi_                  - Undefined Weak Reference
    __cxa_finalize                            - Undefined Weak Reference
    __sigvec_lookup                           - Undefined Weak Reference
    __user_heap_extent                        - Undefined Weak Reference
    _atexit_init                              - Undefined Weak Reference
    _call_atexit_fns                          - Undefined Weak Reference
    _clock_init                               - Undefined Weak Reference
    _fp_trap_init                             - Undefined Weak Reference
    _fp_trap_shutdown                         - Undefined Weak Reference
    _get_lc_collate                           - Undefined Weak Reference
    _get_lc_monetary                          - Undefined Weak Reference
    _get_lc_time                              - Undefined Weak Reference
    _getenv_init                              - Undefined Weak Reference
    _handle_redirection                       - Undefined Weak Reference
    _initio                                   - Undefined Weak Reference
    _mutex_acquire                            - Undefined Weak Reference
    _mutex_free                               - Undefined Weak Reference
    _mutex_release                            - Undefined Weak Reference
    _printf_mbtowc                            - Undefined Weak Reference
    _printf_wc                                - Undefined Weak Reference
    _rand_init                                - Undefined Weak Reference
    _scanf_int                                - Undefined Weak Reference
    _scanf_longlong                           - Undefined Weak Reference
    _scanf_mbtowc                             - Undefined Weak Reference
    _scanf_string                             - Undefined Weak Reference
    _scanf_wctomb                             - Undefined Weak Reference
    _scanf_wstring                            - Undefined Weak Reference
    _signal_finish                            - Undefined Weak Reference
    _signal_init                              - Undefined Weak Reference
    _terminateio                              - Undefined Weak Reference
    __Vectors_Size                           0x00000130   Number         0  startup_stm32f103xe.o ABSOLUTE
    __Vectors                                0x08000000   Data           4  startup_stm32f103xe.o(RESET)
    __Vectors_End                            0x08000130   Data           0  startup_stm32f103xe.o(RESET)
    __main                                   0x08000131   Thumb Code     8  __main.o(!!!main)
    __scatterload                            0x08000139   Thumb Code     0  __scatter.o(!!!scatter)
    __scatterload_rt2                        0x08000139   Thumb Code    44  __scatter.o(!!!scatter)
    __scatterload_rt2_thumb_only             0x08000139   Thumb Code     0  __scatter.o(!!!scatter)
    __scatterload_null                       0x08000147   Thumb Code     0  __scatter.o(!!!scatter)
    __scatterload_copy                       0x0800016d   Thumb Code    26  __scatter_copy.o(!!handler_copy)
    __scatterload_zeroinit                   0x08000189   Thumb Code    28  __scatter_zi.o(!!handler_zi)
    __rt_lib_init                            0x080001a5   Thumb Code     0  libinit.o(.ARM.Collect$$libinit$$00000000)
    __rt_lib_init_fp_1                       0x080001a7   Thumb Code     0  libinit2.o(.ARM.Collect$$libinit$$00000002)
    __rt_lib_init_heap_2                     0x080001a7   Thumb Code     0  libinit2.o(.ARM.Collect$$libinit$$00000005)
    __rt_lib_init_preinit_1                  0x080001a7   Thumb Code     0  libinit2.o(.ARM.Collect$$libinit$$00000004)
    __rt_lib_init_heap_1                     0x080001af   Thumb Code     0  libinit2.o(.ARM.Collect$$libinit$$0000000A)
    __rt_lib_init_lc_common                  0x080001af   Thumb Code     0  libinit2.o(.ARM.Collect$$libinit$$0000000F)
    __rt_lib_init_rand_1                     0x080001af   Thumb Code     0  libinit2.o(.ARM.Collect$$libinit$$0000000E)
    __rt_lib_init_user_alloc_1               0x080001af   Thumb Code     0  libinit2.o(.ARM.Collect$$libinit$$0000000C)
    __rt_lib_init_lc_collate_1               0x080001b5   Thumb Code     0  libinit2.o(.ARM.Collect$$libinit$$00000011)
    __rt_lib_init_lc_ctype_2                 0x080001b5   Thumb Code     0  libinit2.o(.ARM.Collect$$libinit$$00000012)
    __rt_lib_init_lc_ctype_1                 0x080001c1   Thumb Code     0  libinit2.o(.ARM.Collect$$libinit$$00000013)
    __rt_lib_init_lc_monetary_1              0x080001c1   Thumb Code     0  libinit2.o(.ARM.Collect$$libinit$$00000015)
    __rt_lib_init_lc_numeric_2               0x080001c1   Thumb Code     0  libinit2.o(.ARM.Collect$$libinit$$00000016)
    __rt_lib_init_alloca_1                   0x080001cb   Thumb Code     0  libinit2.o(.ARM.Collect$$libinit$$0000002E)
    __rt_lib_init_argv_1                     0x080001cb   Thumb Code     0  libinit2.o(.ARM.Collect$$libinit$$0000002C)
    __rt_lib_init_atexit_1                   0x080001cb   Thumb Code     0  libinit2.o(.ARM.Collect$$libinit$$0000001B)
    __rt_lib_init_clock_1                    0x080001cb   Thumb Code     0  libinit2.o(.ARM.Collect$$libinit$$00000021)
    __rt_lib_init_cpp_1                      0x080001cb   Thumb Code     0  libinit2.o(.ARM.Collect$$libinit$$00000032)
    __rt_lib_init_exceptions_1               0x080001cb   Thumb Code     0  libinit2.o(.ARM.Collect$$libinit$$00000030)
    __rt_lib_init_fp_trap_1                  0x080001cb   Thumb Code     0  libinit2.o(.ARM.Collect$$libinit$$0000001F)
    __rt_lib_init_getenv_1                   0x080001cb   Thumb Code     0  libinit2.o(.ARM.Collect$$libinit$$00000023)
    __rt_lib_init_lc_numeric_1               0x080001cb   Thumb Code     0  libinit2.o(.ARM.Collect$$libinit$$00000017)
    __rt_lib_init_lc_time_1                  0x080001cb   Thumb Code     0  libinit2.o(.ARM.Collect$$libinit$$00000019)
    __rt_lib_init_return                     0x080001cb   Thumb Code     0  libinit2.o(.ARM.Collect$$libinit$$00000033)
    __rt_lib_init_signal_1                   0x080001cb   Thumb Code     0  libinit2.o(.ARM.Collect$$libinit$$0000001D)
    __rt_lib_init_stdio_1                    0x080001cb   Thumb Code     0  libinit2.o(.ARM.Collect$$libinit$$00000025)
    __rt_lib_shutdown                        0x080001cd   Thumb Code     0  libshutdown.o(.ARM.Collect$$libshutdown$$00000000)
    __rt_lib_shutdown_cpp_1                  0x080001cf   Thumb Code     0  libshutdown2.o(.ARM.Collect$$libshutdown$$00000004)
    __rt_lib_shutdown_fini_1                 0x080001cf   Thumb Code     0  libshutdown2.o(.ARM.Collect$$libshutdown$$00000002)
    __rt_lib_shutdown_fp_trap_1              0x080001cf   Thumb Code     0  libshutdown2.o(.ARM.Collect$$libshutdown$$00000009)
    __rt_lib_shutdown_heap_1                 0x080001cf   Thumb Code     0  libshutdown2.o(.ARM.Collect$$libshutdown$$00000011)
    __rt_lib_shutdown_return                 0x080001cf   Thumb Code     0  libshutdown2.o(.ARM.Collect$$libshutdown$$00000012)
    __rt_lib_shutdown_signal_1               0x080001cf   Thumb Code     0  libshutdown2.o(.ARM.Collect$$libshutdown$$0000000C)
    __rt_lib_shutdown_stdio_1                0x080001cf   Thumb Code     0  libshutdown2.o(.ARM.Collect$$libshutdown$$00000006)
    __rt_lib_shutdown_user_alloc_1           0x080001cf   Thumb Code     0  libshutdown2.o(.ARM.Collect$$libshutdown$$0000000E)
    __rt_entry                               0x080001d1   Thumb Code     0  __rtentry.o(.ARM.Collect$$rtentry$$00000000)
    __rt_entry_presh_1                       0x080001d1   Thumb Code     0  __rtentry2.o(.ARM.Collect$$rtentry$$00000002)
    __rt_entry_sh                            0x080001d1   Thumb Code     0  __rtentry4.o(.ARM.Collect$$rtentry$$00000004)
    __rt_entry_li                            0x080001d7   Thumb Code     0  __rtentry2.o(.ARM.Collect$$rtentry$$0000000A)
    __rt_entry_postsh_1                      0x080001d7   Thumb Code     0  __rtentry2.o(.ARM.Collect$$rtentry$$00000009)
    __rt_entry_main                          0x080001db   Thumb Code     0  __rtentry2.o(.ARM.Collect$$rtentry$$0000000D)
    __rt_entry_postli_1                      0x080001db   Thumb Code     0  __rtentry2.o(.ARM.Collect$$rtentry$$0000000C)
    __rt_exit                                0x080001e3   Thumb Code     0  rtexit.o(.ARM.Collect$$rtexit$$00000000)
    __rt_exit_ls                             0x080001e5   Thumb Code     0  rtexit2.o(.ARM.Collect$$rtexit$$00000003)
    __rt_exit_prels_1                        0x080001e5   Thumb Code     0  rtexit2.o(.ARM.Collect$$rtexit$$00000002)
    __rt_exit_exit                           0x080001e9   Thumb Code     0  rtexit2.o(.ARM.Collect$$rtexit$$00000004)
    SVC_Handler                              0x080001f1   Thumb Code    32  port.o(.emb_text)
    __asm___6_port_c_39a90d8d__prvStartFirstTask 0x08000215   Thumb Code    28  port.o(.emb_text)
    PendSV_Handler                           0x08000235   Thumb Code    72  port.o(.emb_text)
    vPortGetIPSR                             0x08000281   Thumb Code     6  port.o(.emb_text)
    Reset_Handler                            0x08000289   Thumb Code     8  startup_stm32f103xe.o(.text)
    _maybe_terminate_alloc                   0x08000289   Thumb Code     0  maybetermalloc1.o(.emb_text)
    ADC1_2_IRQHandler                        0x080002a3   Thumb Code     0  startup_stm32f103xe.o(.text)
    ADC3_IRQHandler                          0x080002a3   Thumb Code     0  startup_stm32f103xe.o(.text)
    CAN1_RX1_IRQHandler                      0x080002a3   Thumb Code     0  startup_stm32f103xe.o(.text)
    CAN1_SCE_IRQHandler                      0x080002a3   Thumb Code     0  startup_stm32f103xe.o(.text)
    DMA1_Channel1_IRQHandler                 0x080002a3   Thumb Code     0  startup_stm32f103xe.o(.text)
    DMA1_Channel2_IRQHandler                 0x080002a3   Thumb Code     0  startup_stm32f103xe.o(.text)
    DMA1_Channel3_IRQHandler                 0x080002a3   Thumb Code     0  startup_stm32f103xe.o(.text)
    DMA1_Channel6_IRQHandler                 0x080002a3   Thumb Code     0  startup_stm32f103xe.o(.text)
    DMA2_Channel1_IRQHandler                 0x080002a3   Thumb Code     0  startup_stm32f103xe.o(.text)
    DMA2_Channel2_IRQHandler                 0x080002a3   Thumb Code     0  startup_stm32f103xe.o(.text)
    DMA2_Channel3_IRQHandler                 0x080002a3   Thumb Code     0  startup_stm32f103xe.o(.text)
    DMA2_Channel4_5_IRQHandler               0x080002a3   Thumb Code     0  startup_stm32f103xe.o(.text)
    EXTI0_IRQHandler                         0x080002a3   Thumb Code     0  startup_stm32f103xe.o(.text)
    EXTI15_10_IRQHandler                     0x080002a3   Thumb Code     0  startup_stm32f103xe.o(.text)
    EXTI1_IRQHandler                         0x080002a3   Thumb Code     0  startup_stm32f103xe.o(.text)
    EXTI2_IRQHandler                         0x080002a3   Thumb Code     0  startup_stm32f103xe.o(.text)
    EXTI3_IRQHandler                         0x080002a3   Thumb Code     0  startup_stm32f103xe.o(.text)
    EXTI4_IRQHandler                         0x080002a3   Thumb Code     0  startup_stm32f103xe.o(.text)
    EXTI9_5_IRQHandler                       0x080002a3   Thumb Code     0  startup_stm32f103xe.o(.text)
    FLASH_IRQHandler                         0x080002a3   Thumb Code     0  startup_stm32f103xe.o(.text)
    FSMC_IRQHandler                          0x080002a3   Thumb Code     0  startup_stm32f103xe.o(.text)
    I2C1_ER_IRQHandler                       0x080002a3   Thumb Code     0  startup_stm32f103xe.o(.text)
    I2C1_EV_IRQHandler                       0x080002a3   Thumb Code     0  startup_stm32f103xe.o(.text)
    I2C2_ER_IRQHandler                       0x080002a3   Thumb Code     0  startup_stm32f103xe.o(.text)
    I2C2_EV_IRQHandler                       0x080002a3   Thumb Code     0  startup_stm32f103xe.o(.text)
    PVD_IRQHandler                           0x080002a3   Thumb Code     0  startup_stm32f103xe.o(.text)
    RCC_IRQHandler                           0x080002a3   Thumb Code     0  startup_stm32f103xe.o(.text)
    RTC_Alarm_IRQHandler                     0x080002a3   Thumb Code     0  startup_stm32f103xe.o(.text)
    RTC_IRQHandler                           0x080002a3   Thumb Code     0  startup_stm32f103xe.o(.text)
    SDIO_IRQHandler                          0x080002a3   Thumb Code     0  startup_stm32f103xe.o(.text)
    SPI1_IRQHandler                          0x080002a3   Thumb Code     0  startup_stm32f103xe.o(.text)
    SPI2_IRQHandler                          0x080002a3   Thumb Code     0  startup_stm32f103xe.o(.text)
    SPI3_IRQHandler                          0x080002a3   Thumb Code     0  startup_stm32f103xe.o(.text)
    TAMPER_IRQHandler                        0x080002a3   Thumb Code     0  startup_stm32f103xe.o(.text)
    TIM1_BRK_IRQHandler                      0x080002a3   Thumb Code     0  startup_stm32f103xe.o(.text)
    TIM1_CC_IRQHandler                       0x080002a3   Thumb Code     0  startup_stm32f103xe.o(.text)
    TIM1_TRG_COM_IRQHandler                  0x080002a3   Thumb Code     0  startup_stm32f103xe.o(.text)
    TIM1_UP_IRQHandler                       0x080002a3   Thumb Code     0  startup_stm32f103xe.o(.text)
    TIM2_IRQHandler                          0x080002a3   Thumb Code     0  startup_stm32f103xe.o(.text)
    TIM3_IRQHandler                          0x080002a3   Thumb Code     0  startup_stm32f103xe.o(.text)
    TIM4_IRQHandler                          0x080002a3   Thumb Code     0  startup_stm32f103xe.o(.text)
    TIM5_IRQHandler                          0x080002a3   Thumb Code     0  startup_stm32f103xe.o(.text)
    TIM6_IRQHandler                          0x080002a3   Thumb Code     0  startup_stm32f103xe.o(.text)
    TIM7_IRQHandler                          0x080002a3   Thumb Code     0  startup_stm32f103xe.o(.text)
    TIM8_BRK_IRQHandler                      0x080002a3   Thumb Code     0  startup_stm32f103xe.o(.text)
    TIM8_CC_IRQHandler                       0x080002a3   Thumb Code     0  startup_stm32f103xe.o(.text)
    TIM8_TRG_COM_IRQHandler                  0x080002a3   Thumb Code     0  startup_stm32f103xe.o(.text)
    UART4_IRQHandler                         0x080002a3   Thumb Code     0  startup_stm32f103xe.o(.text)
    UART5_IRQHandler                         0x080002a3   Thumb Code     0  startup_stm32f103xe.o(.text)
    USART3_IRQHandler                        0x080002a3   Thumb Code     0  startup_stm32f103xe.o(.text)
    USBWakeUp_IRQHandler                     0x080002a3   Thumb Code     0  startup_stm32f103xe.o(.text)
    USB_HP_CAN1_TX_IRQHandler                0x080002a3   Thumb Code     0  startup_stm32f103xe.o(.text)
    USB_LP_CAN1_RX0_IRQHandler               0x080002a3   Thumb Code     0  startup_stm32f103xe.o(.text)
    WWDG_IRQHandler                          0x080002a3   Thumb Code     0  startup_stm32f103xe.o(.text)
    __user_initial_stackheap                 0x080002a5   Thumb Code     0  startup_stm32f103xe.o(.text)
    malloc                                   0x080002c9   Thumb Code    94  h1_alloc.o(.text)
    free                                     0x08000327   Thumb Code    78  h1_free.o(.text)
    realloc                                  0x08000375   Thumb Code   184  h1_realloc.o(.text)
    tolower                                  0x0800042d   Thumb Code    26  tolower.o(.text)
    strlen                                   0x08000447   Thumb Code    62  strlen.o(.text)
    strncmp                                  0x08000485   Thumb Code   150  strncmp.o(.text)
    __aeabi_memcpy4                          0x0800051b   Thumb Code     0  rt_memcpy_w.o(.text)
    __aeabi_memcpy8                          0x0800051b   Thumb Code     0  rt_memcpy_w.o(.text)
    __rt_memcpy_w                            0x0800051b   Thumb Code   100  rt_memcpy_w.o(.text)
    _memcpy_lastbytes_aligned                0x08000563   Thumb Code     0  rt_memcpy_w.o(.text)
    __aeabi_memclr                           0x0800057f   Thumb Code     0  rt_memclr.o(.text)
    __rt_memclr                              0x0800057f   Thumb Code    68  rt_memclr.o(.text)
    _memset                                  0x08000583   Thumb Code     0  rt_memclr.o(.text)
    __aeabi_memclr4                          0x080005c3   Thumb Code     0  rt_memclr_w.o(.text)
    __aeabi_memclr8                          0x080005c3   Thumb Code     0  rt_memclr_w.o(.text)
    __rt_memclr_w                            0x080005c3   Thumb Code    78  rt_memclr_w.o(.text)
    _memset_w                                0x080005c7   Thumb Code     0  rt_memclr_w.o(.text)
    strcmp                                   0x08000611   Thumb Code   128  strcmpv7m.o(.text)
    __use_two_region_memory                  0x08000691   Thumb Code     2  heapauxi.o(.text)
    __rt_heap_escrow                         0x08000693   Thumb Code     2  heapauxi.o(.text)
    __rt_heap_expand                         0x08000695   Thumb Code     2  heapauxi.o(.text)
    __rt_ctype_table                         0x08000699   Thumb Code    16  rt_ctype_table.o(.text)
    __rt_heap_descriptor                     0x080006a9   Thumb Code     8  rt_heap_descriptor_intlibspace.o(.text)
    __use_no_heap                            0x080006b1   Thumb Code     2  hguard.o(.text)
    __heap$guard                             0x080006b3   Thumb Code     2  hguard.o(.text)
    _terminate_user_alloc                    0x080006b5   Thumb Code     2  init_alloc.o(.text)
    _init_user_alloc                         0x080006b7   Thumb Code     2  init_alloc.o(.text)
    __Heap_Full                              0x080006b9   Thumb Code    34  init_alloc.o(.text)
    __Heap_Broken                            0x080006db   Thumb Code     6  init_alloc.o(.text)
    _init_alloc                              0x080006e1   Thumb Code    94  init_alloc.o(.text)
    __Heap_Initialize                        0x0800073f   Thumb Code    10  h1_init.o(.text)
    __Heap_DescSize                          0x08000749   Thumb Code     4  h1_init.o(.text)
    _scanf_really_real                       0x08000999   Thumb Code   684  scanf_fp.o(.text)
    _sgetc                                   0x08000c45   Thumb Code    30  _sgetc.o(.text)
    _sbackspace                              0x08000c63   Thumb Code    34  _sgetc.o(.text)
    __strtod_int                             0x08000cc1   Thumb Code    90  strtod.o(.text)
    __user_libspace                          0x08000d29   Thumb Code     8  libspace.o(.text)
    __user_perproc_libspace                  0x08000d29   Thumb Code     0  libspace.o(.text)
    __user_perthread_libspace                0x08000d29   Thumb Code     0  libspace.o(.text)
    __rt_locale                              0x08000d31   Thumb Code     8  rt_locale_intlibspace.o(.text)
    __aeabi_errno_addr                       0x08000d39   Thumb Code     8  rt_errno_addr_intlibspace.o(.text)
    __errno$intlibspace                      0x08000d39   Thumb Code     0  rt_errno_addr_intlibspace.o(.text)
    __rt_errno_addr$intlibspace              0x08000d39   Thumb Code     0  rt_errno_addr_intlibspace.o(.text)
    __Heap_ProvideMemory                     0x08000d41   Thumb Code    52  h1_extend.o(.text)
    isspace                                  0x08000d75   Thumb Code    18  isspace.o(.text)
    _btod_etento                             0x08000d89   Thumb Code   224  bigflt0.o(.text)
    __rt_SIGRTMEM                            0x08000e6d   Thumb Code    14  defsig_rtmem_outer.o(.text)
    __I$use$semihosting                      0x08000e7b   Thumb Code     0  use_no_semi.o(.text)
    __use_no_semihosting_swi                 0x08000e7b   Thumb Code     2  use_no_semi.o(.text)
    __semihosting_library_function           0x08000e7d   Thumb Code     0  indicate_semi.o(.text)
    __user_setup_stackheap                   0x08000e7d   Thumb Code    74  sys_stackheap_outer.o(.text)
    __read_errno                             0x08000ec7   Thumb Code    10  _rserrno.o(.text)
    __set_errno                              0x08000ed1   Thumb Code    12  _rserrno.o(.text)
    _scanf_really_hex_real                   0x08000edd   Thumb Code   786  scanf_hexfp.o(.text)
    _scanf_really_infnan                     0x080011fd   Thumb Code   292  scanf_infnan.o(.text)
    exit                                     0x08001331   Thumb Code    18  exit.o(.text)
    __sig_exit                               0x08001343   Thumb Code    10  defsig_exit.o(.text)
    __rt_SIGRTMEM_inner                      0x0800134d   Thumb Code    22  defsig_rtmem_inner.o(.text)
    _sys_exit                                0x0800139d   Thumb Code     8  sys_exit.o(.text)
    __aeabi_llsl                             0x080013a9   Thumb Code     0  llshl.o(.text)
    _ll_shift_l                              0x080013a9   Thumb Code    38  llshl.o(.text)
    _chval                                   0x080013cf   Thumb Code    28  _chval.o(.text)
    __default_signal_display                 0x080013eb   Thumb Code    50  defsig_general.o(.text)
    _ttywrch                                 0x0800141d   Thumb Code    14  sys_wrch.o(.text)
    __btod_div_common                        0x0800142b   Thumb Code   696  btod.o(CL$$btod_div_common)
    _e2d                                     0x08001765   Thumb Code   122  btod.o(CL$$btod_e2d)
    _e2e                                     0x080017e9   Thumb Code   220  btod.o(CL$$btod_e2e)
    _btod_ediv                               0x080018c5   Thumb Code    42  btod.o(CL$$btod_ediv)
    _btod_edivd                              0x080018ef   Thumb Code    42  btod.o(CL$$btod_edivd)
    _btod_emul                               0x08001919   Thumb Code    42  btod.o(CL$$btod_emul)
    _btod_emuld                              0x08001943   Thumb Code    42  btod.o(CL$$btod_emuld)
    __btod_mult_common                       0x0800196d   Thumb Code   580  btod.o(CL$$btod_mult_common)
    BusFault_Handler                         0x08001bb1   Thumb Code     2  stm32f1xx_it.o(i.BusFault_Handler)
    DMA1_Channel4_IRQHandler                 0x08001bb5   Thumb Code     6  stm32f1xx_it.o(i.DMA1_Channel4_IRQHandler)
    DMA1_Channel5_IRQHandler                 0x08001bc1   Thumb Code     6  stm32f1xx_it.o(i.DMA1_Channel5_IRQHandler)
    DMA1_Channel7_IRQHandler                 0x08001bcd   Thumb Code     6  stm32f1xx_it.o(i.DMA1_Channel7_IRQHandler)
    DebugMon_Handler                         0x08001c03   Thumb Code     2  stm32f1xx_it.o(i.DebugMon_Handler)
    Error_Handler                            0x08001c05   Thumb Code     4  main.o(i.Error_Handler)
    HAL_DMA_Abort                            0x08001c09   Thumb Code    70  stm32f1xx_hal_dma.o(i.HAL_DMA_Abort)
    HAL_DMA_Abort_IT                         0x08001c51   Thumb Code   296  stm32f1xx_hal_dma.o(i.HAL_DMA_Abort_IT)
    HAL_DMA_GetState                         0x08001d81   Thumb Code     6  stm32f1xx_hal_dma.o(i.HAL_DMA_GetState)
    HAL_DMA_IRQHandler                       0x08001d89   Thumb Code   552  stm32f1xx_hal_dma.o(i.HAL_DMA_IRQHandler)
    HAL_DMA_Init                             0x08001fd1   Thumb Code   112  stm32f1xx_hal_dma.o(i.HAL_DMA_Init)
    HAL_DMA_Start_IT                         0x0800204d   Thumb Code   112  stm32f1xx_hal_dma.o(i.HAL_DMA_Start_IT)
    HAL_GPIO_Init                            0x080020bd   Thumb Code   462  stm32f1xx_hal_gpio.o(i.HAL_GPIO_Init)
    HAL_GPIO_WritePin                        0x080022b5   Thumb Code    10  stm32f1xx_hal_gpio.o(i.HAL_GPIO_WritePin)
    HAL_GetTick                              0x080022c1   Thumb Code     6  stm32f1xx_hal.o(i.HAL_GetTick)
    HAL_IncTick                              0x080022cd   Thumb Code    12  stm32f1xx_hal.o(i.HAL_IncTick)
    HAL_Init                                 0x080022dd   Thumb Code    32  stm32f1xx_hal.o(i.HAL_Init)
    HAL_InitTick                             0x08002301   Thumb Code   118  stm32f1xx_hal_timebase_tim.o(i.HAL_InitTick)
    HAL_MspInit                              0x0800238d   Thumb Code    62  stm32f1xx_hal_msp.o(i.HAL_MspInit)
    HAL_NVIC_EnableIRQ                       0x080023d5   Thumb Code    26  stm32f1xx_hal_cortex.o(i.HAL_NVIC_EnableIRQ)
    HAL_NVIC_SetPriority                     0x080023f1   Thumb Code    60  stm32f1xx_hal_cortex.o(i.HAL_NVIC_SetPriority)
    HAL_NVIC_SetPriorityGrouping             0x08002431   Thumb Code    26  stm32f1xx_hal_cortex.o(i.HAL_NVIC_SetPriorityGrouping)
    HAL_RCC_ClockConfig                      0x08002455   Thumb Code   280  stm32f1xx_hal_rcc.o(i.HAL_RCC_ClockConfig)
    HAL_RCC_GetClockConfig                   0x08002581   Thumb Code    54  stm32f1xx_hal_rcc.o(i.HAL_RCC_GetClockConfig)
    HAL_RCC_GetPCLK1Freq                     0x080025c1   Thumb Code    20  stm32f1xx_hal_rcc.o(i.HAL_RCC_GetPCLK1Freq)
    HAL_RCC_GetPCLK2Freq                     0x080025e1   Thumb Code    20  stm32f1xx_hal_rcc.o(i.HAL_RCC_GetPCLK2Freq)
    HAL_RCC_GetSysClockFreq                  0x08002601   Thumb Code    58  stm32f1xx_hal_rcc.o(i.HAL_RCC_GetSysClockFreq)
    HAL_RCC_OscConfig                        0x0800264d   Thumb Code   778  stm32f1xx_hal_rcc.o(i.HAL_RCC_OscConfig)
    HAL_TIMEx_BreakCallback                  0x0800296d   Thumb Code     2  stm32f1xx_hal_tim_ex.o(i.HAL_TIMEx_BreakCallback)
    HAL_TIMEx_CommutCallback                 0x0800296f   Thumb Code     2  stm32f1xx_hal_tim_ex.o(i.HAL_TIMEx_CommutCallback)
    HAL_TIM_Base_Init                        0x08002971   Thumb Code    90  stm32f1xx_hal_tim.o(i.HAL_TIM_Base_Init)
    HAL_TIM_Base_MspInit                     0x080029cb   Thumb Code     2  stm32f1xx_hal_tim.o(i.HAL_TIM_Base_MspInit)
    HAL_TIM_Base_Start_IT                    0x080029cd   Thumb Code    88  stm32f1xx_hal_tim.o(i.HAL_TIM_Base_Start_IT)
    HAL_TIM_IC_CaptureCallback               0x08002a39   Thumb Code     2  stm32f1xx_hal_tim.o(i.HAL_TIM_IC_CaptureCallback)
    HAL_TIM_IRQHandler                       0x08002a3b   Thumb Code   358  stm32f1xx_hal_tim.o(i.HAL_TIM_IRQHandler)
    HAL_TIM_OC_DelayElapsedCallback          0x08002ba1   Thumb Code     2  stm32f1xx_hal_tim.o(i.HAL_TIM_OC_DelayElapsedCallback)
    HAL_TIM_PWM_PulseFinishedCallback        0x08002ba3   Thumb Code     2  stm32f1xx_hal_tim.o(i.HAL_TIM_PWM_PulseFinishedCallback)
    HAL_TIM_PeriodElapsedCallback            0x08002ba5   Thumb Code    14  main.o(i.HAL_TIM_PeriodElapsedCallback)
    HAL_TIM_TriggerCallback                  0x08002bb9   Thumb Code     2  stm32f1xx_hal_tim.o(i.HAL_TIM_TriggerCallback)
    HAL_UARTEx_RxEventCallback               0x08002bbb   Thumb Code     2  stm32f1xx_hal_uart.o(i.HAL_UARTEx_RxEventCallback)
    HAL_UART_DMAStop                         0x08002bbd   Thumb Code   112  stm32f1xx_hal_uart.o(i.HAL_UART_DMAStop)
    HAL_UART_ErrorCallback                   0x08002c2d   Thumb Code     2  stm32f1xx_hal_uart.o(i.HAL_UART_ErrorCallback)
    HAL_UART_IRQHandler                      0x08002c31   Thumb Code   616  stm32f1xx_hal_uart.o(i.HAL_UART_IRQHandler)
    HAL_UART_Init                            0x08002e9d   Thumb Code   100  stm32f1xx_hal_uart.o(i.HAL_UART_Init)
    HAL_UART_MspInit                         0x08002f01   Thumb Code   334  usart.o(i.HAL_UART_MspInit)
    HAL_UART_ReceiveIdle                     0x08003069   Thumb Code    72  usart.o(i.HAL_UART_ReceiveIdle)
    HAL_UART_Receive_DMA                     0x080030c1   Thumb Code    28  stm32f1xx_hal_uart.o(i.HAL_UART_Receive_DMA)
    HAL_UART_RxCpltCallback                  0x080030dd   Thumb Code     2  stm32f1xx_hal_uart.o(i.HAL_UART_RxCpltCallback)
    HAL_UART_RxHalfCpltCallback              0x080030df   Thumb Code     2  stm32f1xx_hal_uart.o(i.HAL_UART_RxHalfCpltCallback)
    HAL_UART_Transmit_DMA                    0x080030e1   Thumb Code   106  stm32f1xx_hal_uart.o(i.HAL_UART_Transmit_DMA)
    HAL_UART_TxCpltCallback                  0x08003159   Thumb Code    76  usart.o(i.HAL_UART_TxCpltCallback)
    HAL_UART_TxHalfCpltCallback              0x080031b9   Thumb Code     2  stm32f1xx_hal_uart.o(i.HAL_UART_TxHalfCpltCallback)
    HardFault_Handler                        0x080031bb   Thumb Code     2  stm32f1xx_it.o(i.HardFault_Handler)
    MX_DMA_Init                              0x080031bd   Thumb Code    72  dma.o(i.MX_DMA_Init)
    MX_FREERTOS_Init                         0x08003209   Thumb Code    30  freertos.o(i.MX_FREERTOS_Init)
    MX_GPIO_Init                             0x08003231   Thumb Code   228  gpio.o(i.MX_GPIO_Init)
    MX_USART1_UART_Init                      0x08003325   Thumb Code    66  usart.o(i.MX_USART1_UART_Init)
    MX_USART2_UART_Init                      0x08003375   Thumb Code    48  usart.o(i.MX_USART2_UART_Init)
    MemManage_Handler                        0x080033ad   Thumb Code     2  stm32f1xx_it.o(i.MemManage_Handler)
    Motor_data_update                        0x080033b1   Thumb Code   210  usart.o(i.Motor_data_update)
    NMI_Handler                              0x0800348d   Thumb Code     2  stm32f1xx_it.o(i.NMI_Handler)
    StartDefaultTask                         0x08003491   Thumb Code    38  freertos.o(i.StartDefaultTask)
    StartTFTLCDTask                          0x080034c1   Thumb Code    38  freertos.o(i.StartTFTLCDTask)
    SysTick_Handler                          0x080034f5   Thumb Code    38  port.o(i.SysTick_Handler)
    SystemClock_Config                       0x08003521   Thumb Code    94  main.o(i.SystemClock_Config)
    SystemInit                               0x0800357f   Thumb Code     2  system_stm32f1xx.o(i.SystemInit)
    TIM8_UP_IRQHandler                       0x08003581   Thumb Code     6  stm32f1xx_it.o(i.TIM8_UP_IRQHandler)
    TIM_Base_SetConfig                       0x0800358d   Thumb Code   120  stm32f1xx_hal_tim.o(i.TIM_Base_SetConfig)
    Transmit_msg_to_f4                       0x08003619   Thumb Code    44  usart.o(i.Transmit_msg_to_f4)
    UART_Start_Receive_DMA                   0x0800397d   Thumb Code   130  stm32f1xx_hal_uart.o(i.UART_Start_Receive_DMA)
    USART1_IRQHandler                        0x08003a0d   Thumb Code    30  usart.o(i.USART1_IRQHandler)
    USART2_IRQHandler                        0x08003a35   Thumb Code     6  stm32f1xx_it.o(i.USART2_IRQHandler)
    USART_TX_DMA_Send                        0x08003a41   Thumb Code    46  usart.o(i.USART_TX_DMA_Send)
    UsageFault_Handler                       0x08003a6f   Thumb Code     2  stm32f1xx_it.o(i.UsageFault_Handler)
    __mathlib_dbl_overflow                   0x08003a91   Thumb Code    14  dunder.o(i.__mathlib_dbl_overflow)
    __mathlib_dbl_underflow                  0x08003aa1   Thumb Code    10  dunder.o(i.__mathlib_dbl_underflow)
    __mathlib_narrow                         0x08003ab1   Thumb Code    16  narrow.o(i.__mathlib_narrow)
    __mathlib_tofloat                        0x08003ac1   Thumb Code   184  narrow.o(i.__mathlib_tofloat)
    __support_ldexp                          0x08003b7d   Thumb Code    22  ldexp.o(i.__support_ldexp)
    _is_digit                                0x08003b93   Thumb Code    14  __printf_wp.o(i._is_digit)
    cJSON_Delete                             0x08003bd1   Thumb Code    66  cjson.o(i.cJSON_Delete)
    cJSON_GetObjectItem                      0x08003c19   Thumb Code     6  cjson.o(i.cJSON_GetObjectItem)
    cJSON_Parse                              0x08003c35   Thumb Code     8  cjson.o(i.cJSON_Parse)
    cJSON_ParseWithLengthOpts                0x08003c3d   Thumb Code   210  cjson.o(i.cJSON_ParseWithLengthOpts)
    cJSON_ParseWithOpts                      0x08003d19   Thumb Code    34  cjson.o(i.cJSON_ParseWithOpts)
    cJSON_msg_parse                          0x08003d3d   Thumb Code    94  usart.o(i.cJSON_msg_parse)
    frexp                                    0x08003db9   Thumb Code    80  frexp.o(i.frexp)
    ldexp                                    0x08003e8b   Thumb Code   116  ldexp.o(i.ldexp)
    main                                     0x08003eff   Thumb Code    34  main.o(i.main)
    osDelay                                  0x08003f2d   Thumb Code    14  cmsis_os.o(i.osDelay)
    osKernelStart                            0x08003f3b   Thumb Code    10  cmsis_os.o(i.osKernelStart)
    osThreadCreate                           0x08003f45   Thumb Code    84  cmsis_os.o(i.osThreadCreate)
    pvPortMalloc                             0x080047f1   Thumb Code   210  heap_4.o(i.pvPortMalloc)
    pxPortInitialiseStack                    0x080048c9   Thumb Code    32  port.o(i.pxPortInitialiseStack)
    strtod                                   0x080048ed   Thumb Code    28  strtod.o(i.strtod)
    uxListRemove                             0x080049db   Thumb Code    38  list.o(i.uxListRemove)
    vApplicationGetIdleTaskMemory            0x08004a01   Thumb Code    16  freertos.o(i.vApplicationGetIdleTaskMemory)
    vListInitialise                          0x08004a15   Thumb Code    22  list.o(i.vListInitialise)
    vListInitialiseItem                      0x08004a2b   Thumb Code     6  list.o(i.vListInitialiseItem)
    vListInsert                              0x08004a31   Thumb Code    48  list.o(i.vListInsert)
    vListInsertEnd                           0x08004a61   Thumb Code    24  list.o(i.vListInsertEnd)
    vPortEnterCritical                       0x08004a79   Thumb Code    54  port.o(i.vPortEnterCritical)
    vPortExitCritical                        0x08004ab9   Thumb Code    34  port.o(i.vPortExitCritical)
    vPortFree                                0x08004ae1   Thumb Code    88  heap_4.o(i.vPortFree)
    vPortSetupTimerInterrupt                 0x08004b3d   Thumb Code    32  port.o(i.vPortSetupTimerInterrupt)
    vTaskDelay                               0x08004b61   Thumb Code    66  tasks.o(i.vTaskDelay)
    vTaskDelete                              0x08004bad   Thumb Code   158  tasks.o(i.vTaskDelete)
    vTaskStartScheduler                      0x08004c59   Thumb Code    90  tasks.o(i.vTaskStartScheduler)
    vTaskSuspendAll                          0x08004cc5   Thumb Code    10  tasks.o(i.vTaskSuspendAll)
    vTaskSwitchContext                       0x08004cd5   Thumb Code    82  tasks.o(i.vTaskSwitchContext)
    xPortStartScheduler                      0x08004d31   Thumb Code   154  port.o(i.xPortStartScheduler)
    xTaskCreate                              0x08004dd9   Thumb Code    90  tasks.o(i.xTaskCreate)
    xTaskCreateStatic                        0x08004e33   Thumb Code    86  tasks.o(i.xTaskCreateStatic)
    xTaskIncrementTick                       0x08004e89   Thumb Code   192  tasks.o(i.xTaskIncrementTick)
    xTaskResumeAll                           0x08004f51   Thumb Code   182  tasks.o(i.xTaskResumeAll)
    _get_lc_ctype                            0x08005015   Thumb Code    44  lc_ctype_c.o(locale$$code)
    _get_lc_numeric                          0x08005041   Thumb Code    44  lc_numeric_c.o(locale$$code)
    __aeabi_d2f                              0x0800506d   Thumb Code     0  d2f.o(x$fpl$d2f)
    _d2f                                     0x0800506d   Thumb Code    98  d2f.o(x$fpl$d2f)
    __fpl_dcheck_NaN1                        0x080050d1   Thumb Code    10  dcheck1.o(x$fpl$dcheck1)
    __fpl_dcmp_Inf                           0x080050e1   Thumb Code    24  dcmpi.o(x$fpl$dcmpinf)
    __aeabi_cdcmpeq                          0x080050f9   Thumb Code     0  deqf.o(x$fpl$deqf)
    _dcmpeq                                  0x080050f9   Thumb Code   120  deqf.o(x$fpl$deqf)
    __aeabi_d2iz                             0x08005171   Thumb Code     0  dfix.o(x$fpl$dfix)
    _dfix                                    0x08005171   Thumb Code    94  dfix.o(x$fpl$dfix)
    __aeabi_cdcmple                          0x080051d1   Thumb Code     0  dleqf.o(x$fpl$dleqf)
    _dcmple                                  0x080051d1   Thumb Code   120  dleqf.o(x$fpl$dleqf)
    __fpl_dcmple_InfNaN                      0x08005233   Thumb Code     0  dleqf.o(x$fpl$dleqf)
    __fpl_dnaninf                            0x08005249   Thumb Code   156  dnaninf.o(x$fpl$dnaninf)
    __aeabi_cdrcmple                         0x080052e5   Thumb Code     0  drleqf.o(x$fpl$drleqf)
    _drcmple                                 0x080052e5   Thumb Code   108  drleqf.o(x$fpl$drleqf)
    __fpl_fretinf                            0x08005351   Thumb Code    10  fretinf.o(x$fpl$fretinf)
    __ieee_status                            0x0800535b   Thumb Code     6  istatus.o(x$fpl$ieeestatus)
    __fpl_return_NaN                         0x08005361   Thumb Code   100  retnan.o(x$fpl$retnan)
    __ARM_scalbn                             0x080053c5   Thumb Code    92  scalbn.o(x$fpl$scalbn)
    _scanf_real                              0x08005421   Thumb Code     4  scanf1.o(x$fpl$scanf1)
    _scanf_hex_real                          0x08005425   Thumb Code     4  scanf2.o(x$fpl$scanf2)
    _scanf_infnan                            0x08005429   Thumb Code     4  scanf2.o(x$fpl$scanf2)
    __fpl_cmpreturn                          0x0800542d   Thumb Code    48  trapv.o(x$fpl$trapveneer)
    __I$use$fp                               0x0800545c   Number         0  usenofp.o(x$fpl$usenofp)
    AHBPrescTable                            0x080054a6   Data          16  system_stm32f1xx.o(.constdata)
    APBPrescTable                            0x080054b6   Data           8  system_stm32f1xx.o(.constdata)
    Region$$Table$$Base                      0x0800556c   Number         0  anon$$obj.o(Region$$Table)
    Region$$Table$$Limit                     0x0800558c   Number         0  anon$$obj.o(Region$$Table)
    __aeabi_HUGE_VAL                         0x0800558c   Data           0  fpconst.o(c$$dinf)
    __aeabi_HUGE_VALL                        0x0800558c   Data           0  fpconst.o(c$$dinf)
    __aeabi_INFINITY                         0x0800558c   Data           0  fpconst.o(c$$dinf)
    __dInf                                   0x0800558c   Data           0  fpconst.o(c$$dinf)
    __huge_val                               0x0800558c   Data           0  fpconst.o(c$$dinf)
    __dbl_max                                0x08005594   Data           0  fpconst.o(c$$dmax)
    __ctype                                  0x080055a9   Data           0  lc_ctype_c.o(locale$$data)
    defaultTaskHandle                        0x20000000   Data           4  freertos.o(.data)
    TFTLCDTaskHandle                         0x20000004   Data           4  freertos.o(.data)
    usart1_rx_flag                           0x20000008   Data           1  usart.o(.data)
    water_sw                                 0x20000009   Data           1  usart.o(.data)
    usart1_rx_len                            0x2000000a   Data           2  usart.o(.data)
    cjson_parse_fail_flag                    0x2000000c   Data           1  usart.o(.data)
    uwTickFreq                               0x20000024   Data           1  stm32f1xx_hal.o(.data)
    uwTickPrio                               0x20000028   Data           4  stm32f1xx_hal.o(.data)
    uwTick                                   0x2000002c   Data           4  stm32f1xx_hal.o(.data)
    SystemCoreClock                          0x20000030   Data           4  system_stm32f1xx.o(.data)
    pxCurrentTCB                             0x20000034   Data           4  tasks.o(.data)
    uart1_rx_buf                             0x200002e8   Data          64  usart.o(.bss)
    uart1_tx_buf                             0x20000328   Data          64  usart.o(.bss)
    receive_data                             0x20000368   Data          64  usart.o(.bss)
    uart2_tx_buf                             0x200003a8   Data          64  usart.o(.bss)
    motor                                    0x200003e8   Data          60  usart.o(.bss)
    huart1                                   0x20000424   Data          72  usart.o(.bss)
    huart2                                   0x2000046c   Data          72  usart.o(.bss)
    hdma_usart1_tx                           0x200004b4   Data          68  usart.o(.bss)
    hdma_usart1_rx                           0x200004f8   Data          68  usart.o(.bss)
    hdma_usart2_tx                           0x2000053c   Data          68  usart.o(.bss)
    htim8                                    0x20000580   Data          72  stm32f1xx_hal_timebase_tim.o(.bss)
    __libspace_start                         0x200012b8   Data          96  libspace.o(.bss)
    __temporary_stack_top$libspace           0x20001318   Data           0  libspace.o(.bss)



==============================================================================

Memory Map of the image

  Image Entry point : 0x08000131

  Load Region LR_IROM1 (Base: 0x08000000, Size: 0x0000575c, Max: 0x00080000, ABSOLUTE)

    Execution Region ER_IROM1 (Exec base: 0x08000000, Load base: 0x08000000, Size: 0x000056c8, Max: 0x00080000, ABSOLUTE)

    Exec Addr    Load Addr    Size         Type   Attr      Idx    E Section Name        Object

    0x08000000   0x08000000   0x00000130   Data   RO            3    RESET               startup_stm32f103xe.o
    0x08000130   0x08000130   0x00000008   Code   RO         4985  * !!!main             c_w.l(__main.o)
    0x08000138   0x08000138   0x00000034   Code   RO         5430    !!!scatter          c_w.l(__scatter.o)
    0x0800016c   0x0800016c   0x0000001a   Code   RO         5432    !!handler_copy      c_w.l(__scatter_copy.o)
    0x08000186   0x08000186   0x00000002   PAD
    0x08000188   0x08000188   0x0000001c   Code   RO         5434    !!handler_zi        c_w.l(__scatter_zi.o)
    0x080001a4   0x080001a4   0x00000002   Code   RO         5320    .ARM.Collect$$libinit$$00000000  c_w.l(libinit.o)
    0x080001a6   0x080001a6   0x00000000   Code   RO         5108    .ARM.Collect$$libinit$$00000002  c_w.l(libinit2.o)
    0x080001a6   0x080001a6   0x00000000   Code   RO         5110    .ARM.Collect$$libinit$$00000004  c_w.l(libinit2.o)
    0x080001a6   0x080001a6   0x00000008   Code   RO         5111    .ARM.Collect$$libinit$$00000005  c_w.l(libinit2.o)
    0x080001ae   0x080001ae   0x00000000   Code   RO         5113    .ARM.Collect$$libinit$$0000000A  c_w.l(libinit2.o)
    0x080001ae   0x080001ae   0x00000000   Code   RO         5115    .ARM.Collect$$libinit$$0000000C  c_w.l(libinit2.o)
    0x080001ae   0x080001ae   0x00000000   Code   RO         5117    .ARM.Collect$$libinit$$0000000E  c_w.l(libinit2.o)
    0x080001ae   0x080001ae   0x00000006   Code   RO         5118    .ARM.Collect$$libinit$$0000000F  c_w.l(libinit2.o)
    0x080001b4   0x080001b4   0x00000000   Code   RO         5120    .ARM.Collect$$libinit$$00000011  c_w.l(libinit2.o)
    0x080001b4   0x080001b4   0x0000000c   Code   RO         5121    .ARM.Collect$$libinit$$00000012  c_w.l(libinit2.o)
    0x080001c0   0x080001c0   0x00000000   Code   RO         5122    .ARM.Collect$$libinit$$00000013  c_w.l(libinit2.o)
    0x080001c0   0x080001c0   0x00000000   Code   RO         5124    .ARM.Collect$$libinit$$00000015  c_w.l(libinit2.o)
    0x080001c0   0x080001c0   0x0000000a   Code   RO         5125    .ARM.Collect$$libinit$$00000016  c_w.l(libinit2.o)
    0x080001ca   0x080001ca   0x00000000   Code   RO         5126    .ARM.Collect$$libinit$$00000017  c_w.l(libinit2.o)
    0x080001ca   0x080001ca   0x00000000   Code   RO         5128    .ARM.Collect$$libinit$$00000019  c_w.l(libinit2.o)
    0x080001ca   0x080001ca   0x00000000   Code   RO         5130    .ARM.Collect$$libinit$$0000001B  c_w.l(libinit2.o)
    0x080001ca   0x080001ca   0x00000000   Code   RO         5132    .ARM.Collect$$libinit$$0000001D  c_w.l(libinit2.o)
    0x080001ca   0x080001ca   0x00000000   Code   RO         5134    .ARM.Collect$$libinit$$0000001F  c_w.l(libinit2.o)
    0x080001ca   0x080001ca   0x00000000   Code   RO         5136    .ARM.Collect$$libinit$$00000021  c_w.l(libinit2.o)
    0x080001ca   0x080001ca   0x00000000   Code   RO         5138    .ARM.Collect$$libinit$$00000023  c_w.l(libinit2.o)
    0x080001ca   0x080001ca   0x00000000   Code   RO         5140    .ARM.Collect$$libinit$$00000025  c_w.l(libinit2.o)
    0x080001ca   0x080001ca   0x00000000   Code   RO         5144    .ARM.Collect$$libinit$$0000002C  c_w.l(libinit2.o)
    0x080001ca   0x080001ca   0x00000000   Code   RO         5146    .ARM.Collect$$libinit$$0000002E  c_w.l(libinit2.o)
    0x080001ca   0x080001ca   0x00000000   Code   RO         5148    .ARM.Collect$$libinit$$00000030  c_w.l(libinit2.o)
    0x080001ca   0x080001ca   0x00000000   Code   RO         5150    .ARM.Collect$$libinit$$00000032  c_w.l(libinit2.o)
    0x080001ca   0x080001ca   0x00000002   Code   RO         5151    .ARM.Collect$$libinit$$00000033  c_w.l(libinit2.o)
    0x080001cc   0x080001cc   0x00000002   Code   RO         5421    .ARM.Collect$$libshutdown$$00000000  c_w.l(libshutdown.o)
    0x080001ce   0x080001ce   0x00000000   Code   RO         5346    .ARM.Collect$$libshutdown$$00000002  c_w.l(libshutdown2.o)
    0x080001ce   0x080001ce   0x00000000   Code   RO         5348    .ARM.Collect$$libshutdown$$00000004  c_w.l(libshutdown2.o)
    0x080001ce   0x080001ce   0x00000000   Code   RO         5350    .ARM.Collect$$libshutdown$$00000006  c_w.l(libshutdown2.o)
    0x080001ce   0x080001ce   0x00000000   Code   RO         5353    .ARM.Collect$$libshutdown$$00000009  c_w.l(libshutdown2.o)
    0x080001ce   0x080001ce   0x00000000   Code   RO         5356    .ARM.Collect$$libshutdown$$0000000C  c_w.l(libshutdown2.o)
    0x080001ce   0x080001ce   0x00000000   Code   RO         5358    .ARM.Collect$$libshutdown$$0000000E  c_w.l(libshutdown2.o)
    0x080001ce   0x080001ce   0x00000000   Code   RO         5361    .ARM.Collect$$libshutdown$$00000011  c_w.l(libshutdown2.o)
    0x080001ce   0x080001ce   0x00000002   Code   RO         5362    .ARM.Collect$$libshutdown$$00000012  c_w.l(libshutdown2.o)
    0x080001d0   0x080001d0   0x00000000   Code   RO         5023    .ARM.Collect$$rtentry$$00000000  c_w.l(__rtentry.o)
    0x080001d0   0x080001d0   0x00000000   Code   RO         5175    .ARM.Collect$$rtentry$$00000002  c_w.l(__rtentry2.o)
    0x080001d0   0x080001d0   0x00000006   Code   RO         5187    .ARM.Collect$$rtentry$$00000004  c_w.l(__rtentry4.o)
    0x080001d6   0x080001d6   0x00000000   Code   RO         5177    .ARM.Collect$$rtentry$$00000009  c_w.l(__rtentry2.o)
    0x080001d6   0x080001d6   0x00000004   Code   RO         5178    .ARM.Collect$$rtentry$$0000000A  c_w.l(__rtentry2.o)
    0x080001da   0x080001da   0x00000000   Code   RO         5180    .ARM.Collect$$rtentry$$0000000C  c_w.l(__rtentry2.o)
    0x080001da   0x080001da   0x00000008   Code   RO         5181    .ARM.Collect$$rtentry$$0000000D  c_w.l(__rtentry2.o)
    0x080001e2   0x080001e2   0x00000002   Code   RO         5331    .ARM.Collect$$rtexit$$00000000  c_w.l(rtexit.o)
    0x080001e4   0x080001e4   0x00000000   Code   RO         5380    .ARM.Collect$$rtexit$$00000002  c_w.l(rtexit2.o)
    0x080001e4   0x080001e4   0x00000004   Code   RO         5381    .ARM.Collect$$rtexit$$00000003  c_w.l(rtexit2.o)
    0x080001e8   0x080001e8   0x00000006   Code   RO         5382    .ARM.Collect$$rtexit$$00000004  c_w.l(rtexit2.o)
    0x080001ee   0x080001ee   0x00000002   PAD
    0x080001f0   0x080001f0   0x00000096   Code   RO         4754    .emb_text           port.o
    0x08000286   0x08000286   0x00000002   PAD
    0x08000288   0x08000288   0x00000000   Code   RO         5201    .emb_text           c_w.l(maybetermalloc1.o)
    0x08000288   0x08000288   0x00000040   Code   RO            4    .text               startup_stm32f103xe.o
    0x080002c8   0x080002c8   0x0000005e   Code   RO         4839    .text               c_w.l(h1_alloc.o)
    0x08000326   0x08000326   0x0000004e   Code   RO         4841    .text               c_w.l(h1_free.o)
    0x08000374   0x08000374   0x000000b8   Code   RO         4843    .text               c_w.l(h1_realloc.o)
    0x0800042c   0x0800042c   0x0000001a   Code   RO         4903    .text               c_w.l(tolower.o)
    0x08000446   0x08000446   0x0000003e   Code   RO         4967    .text               c_w.l(strlen.o)
    0x08000484   0x08000484   0x00000096   Code   RO         4969    .text               c_w.l(strncmp.o)
    0x0800051a   0x0800051a   0x00000064   Code   RO         4973    .text               c_w.l(rt_memcpy_w.o)
    0x0800057e   0x0800057e   0x00000044   Code   RO         4977    .text               c_w.l(rt_memclr.o)
    0x080005c2   0x080005c2   0x0000004e   Code   RO         4979    .text               c_w.l(rt_memclr_w.o)
    0x08000610   0x08000610   0x00000080   Code   RO         4981    .text               c_w.l(strcmpv7m.o)
    0x08000690   0x08000690   0x00000006   Code   RO         4983    .text               c_w.l(heapauxi.o)
    0x08000696   0x08000696   0x00000002   PAD
    0x08000698   0x08000698   0x00000010   Code   RO         5024    .text               c_w.l(rt_ctype_table.o)
    0x080006a8   0x080006a8   0x00000008   Code   RO         5029    .text               c_w.l(rt_heap_descriptor_intlibspace.o)
    0x080006b0   0x080006b0   0x00000004   Code   RO         5031    .text               c_w.l(hguard.o)
    0x080006b4   0x080006b4   0x0000008a   Code   RO         5033    .text               c_w.l(init_alloc.o)
    0x0800073e   0x0800073e   0x0000000e   Code   RO         5037    .text               c_w.l(h1_init.o)
    0x0800074c   0x0800074c   0x000004f8   Code   RO         5097    .text               c_w.l(scanf_fp.o)
    0x08000c44   0x08000c44   0x00000040   Code   RO         5101    .text               c_w.l(_sgetc.o)
    0x08000c84   0x08000c84   0x000000a4   Code   RO         5103    .text               c_w.l(strtod.o)
    0x08000d28   0x08000d28   0x00000008   Code   RO         5171    .text               c_w.l(libspace.o)
    0x08000d30   0x08000d30   0x00000008   Code   RO         5192    .text               c_w.l(rt_locale_intlibspace.o)
    0x08000d38   0x08000d38   0x00000008   Code   RO         5197    .text               c_w.l(rt_errno_addr_intlibspace.o)
    0x08000d40   0x08000d40   0x00000034   Code   RO         5203    .text               c_w.l(h1_extend.o)
    0x08000d74   0x08000d74   0x00000012   Code   RO         5209    .text               c_w.l(isspace.o)
    0x08000d86   0x08000d86   0x00000002   PAD
    0x08000d88   0x08000d88   0x000000e4   Code   RO         5224    .text               c_w.l(bigflt0.o)
    0x08000e6c   0x08000e6c   0x0000000e   Code   RO         5257    .text               c_w.l(defsig_rtmem_outer.o)
    0x08000e7a   0x08000e7a   0x00000002   Code   RO         5290    .text               c_w.l(use_no_semi.o)
    0x08000e7c   0x08000e7c   0x00000000   Code   RO         5292    .text               c_w.l(indicate_semi.o)
    0x08000e7c   0x08000e7c   0x0000004a   Code   RO         5293    .text               c_w.l(sys_stackheap_outer.o)
    0x08000ec6   0x08000ec6   0x00000016   Code   RO         5299    .text               c_w.l(_rserrno.o)
    0x08000edc   0x08000edc   0x00000320   Code   RO         5301    .text               c_w.l(scanf_hexfp.o)
    0x080011fc   0x080011fc   0x00000134   Code   RO         5303    .text               c_w.l(scanf_infnan.o)
    0x08001330   0x08001330   0x00000012   Code   RO         5305    .text               c_w.l(exit.o)
    0x08001342   0x08001342   0x0000000a   Code   RO         5307    .text               c_w.l(defsig_exit.o)
    0x0800134c   0x0800134c   0x00000050   Code   RO         5309    .text               c_w.l(defsig_rtmem_inner.o)
    0x0800139c   0x0800139c   0x0000000c   Code   RO         5329    .text               c_w.l(sys_exit.o)
    0x080013a8   0x080013a8   0x00000026   Code   RO         5337    .text               c_w.l(llshl.o)
    0x080013ce   0x080013ce   0x0000001c   Code   RO         5339    .text               c_w.l(_chval.o)
    0x080013ea   0x080013ea   0x00000032   Code   RO         5343    .text               c_w.l(defsig_general.o)
    0x0800141c   0x0800141c   0x0000000e   Code   RO         5377    .text               c_w.l(sys_wrch.o)
    0x0800142a   0x0800142a   0x00000338   Code   RO         5237    CL$$btod_div_common  c_w.l(btod.o)
    0x08001762   0x08001762   0x00000002   PAD
    0x08001764   0x08001764   0x00000084   Code   RO         5235    CL$$btod_e2d        c_w.l(btod.o)
    0x080017e8   0x080017e8   0x000000dc   Code   RO         5234    CL$$btod_e2e        c_w.l(btod.o)
    0x080018c4   0x080018c4   0x0000002a   Code   RO         5231    CL$$btod_ediv       c_w.l(btod.o)
    0x080018ee   0x080018ee   0x0000002a   Code   RO         5233    CL$$btod_edivd      c_w.l(btod.o)
    0x08001918   0x08001918   0x0000002a   Code   RO         5230    CL$$btod_emul       c_w.l(btod.o)
    0x08001942   0x08001942   0x0000002a   Code   RO         5232    CL$$btod_emuld      c_w.l(btod.o)
    0x0800196c   0x0800196c   0x00000244   Code   RO         5236    CL$$btod_mult_common  c_w.l(btod.o)
    0x08001bb0   0x08001bb0   0x00000002   Code   RO          410    i.BusFault_Handler  stm32f1xx_it.o
    0x08001bb2   0x08001bb2   0x00000002   PAD
    0x08001bb4   0x08001bb4   0x0000000c   Code   RO          411    i.DMA1_Channel4_IRQHandler  stm32f1xx_it.o
    0x08001bc0   0x08001bc0   0x0000000c   Code   RO          412    i.DMA1_Channel5_IRQHandler  stm32f1xx_it.o
    0x08001bcc   0x08001bcc   0x0000000c   Code   RO          413    i.DMA1_Channel7_IRQHandler  stm32f1xx_it.o
    0x08001bd8   0x08001bd8   0x0000002a   Code   RO         1599    i.DMA_SetConfig     stm32f1xx_hal_dma.o
    0x08001c02   0x08001c02   0x00000002   Code   RO          414    i.DebugMon_Handler  stm32f1xx_it.o
    0x08001c04   0x08001c04   0x00000004   Code   RO           13    i.Error_Handler     main.o
    0x08001c08   0x08001c08   0x00000046   Code   RO         1600    i.HAL_DMA_Abort     stm32f1xx_hal_dma.o
    0x08001c4e   0x08001c4e   0x00000002   PAD
    0x08001c50   0x08001c50   0x00000130   Code   RO         1601    i.HAL_DMA_Abort_IT  stm32f1xx_hal_dma.o
    0x08001d80   0x08001d80   0x00000006   Code   RO         1604    i.HAL_DMA_GetState  stm32f1xx_hal_dma.o
    0x08001d86   0x08001d86   0x00000002   PAD
    0x08001d88   0x08001d88   0x00000248   Code   RO         1605    i.HAL_DMA_IRQHandler  stm32f1xx_hal_dma.o
    0x08001fd0   0x08001fd0   0x0000007c   Code   RO         1606    i.HAL_DMA_Init      stm32f1xx_hal_dma.o
    0x0800204c   0x0800204c   0x00000070   Code   RO         1610    i.HAL_DMA_Start_IT  stm32f1xx_hal_dma.o
    0x080020bc   0x080020bc   0x000001f8   Code   RO         1536    i.HAL_GPIO_Init     stm32f1xx_hal_gpio.o
    0x080022b4   0x080022b4   0x0000000a   Code   RO         1540    i.HAL_GPIO_WritePin  stm32f1xx_hal_gpio.o
    0x080022be   0x080022be   0x00000002   PAD
    0x080022c0   0x080022c0   0x0000000c   Code   RO         1230    i.HAL_GetTick       stm32f1xx_hal.o
    0x080022cc   0x080022cc   0x00000010   Code   RO         1236    i.HAL_IncTick       stm32f1xx_hal.o
    0x080022dc   0x080022dc   0x00000024   Code   RO         1237    i.HAL_Init          stm32f1xx_hal.o
    0x08002300   0x08002300   0x0000008c   Code   RO          522    i.HAL_InitTick      stm32f1xx_hal_timebase_tim.o
    0x0800238c   0x0800238c   0x00000048   Code   RO          498    i.HAL_MspInit       stm32f1xx_hal_msp.o
    0x080023d4   0x080023d4   0x0000001a   Code   RO         1696    i.HAL_NVIC_EnableIRQ  stm32f1xx_hal_cortex.o
    0x080023ee   0x080023ee   0x00000002   PAD
    0x080023f0   0x080023f0   0x00000040   Code   RO         1702    i.HAL_NVIC_SetPriority  stm32f1xx_hal_cortex.o
    0x08002430   0x08002430   0x00000024   Code   RO         1703    i.HAL_NVIC_SetPriorityGrouping  stm32f1xx_hal_cortex.o
    0x08002454   0x08002454   0x0000012c   Code   RO         1394    i.HAL_RCC_ClockConfig  stm32f1xx_hal_rcc.o
    0x08002580   0x08002580   0x00000040   Code   RO         1398    i.HAL_RCC_GetClockConfig  stm32f1xx_hal_rcc.o
    0x080025c0   0x080025c0   0x00000020   Code   RO         1401    i.HAL_RCC_GetPCLK1Freq  stm32f1xx_hal_rcc.o
    0x080025e0   0x080025e0   0x00000020   Code   RO         1402    i.HAL_RCC_GetPCLK2Freq  stm32f1xx_hal_rcc.o
    0x08002600   0x08002600   0x0000004c   Code   RO         1403    i.HAL_RCC_GetSysClockFreq  stm32f1xx_hal_rcc.o
    0x0800264c   0x0800264c   0x00000320   Code   RO         1406    i.HAL_RCC_OscConfig  stm32f1xx_hal_rcc.o
    0x0800296c   0x0800296c   0x00000002   Code   RO         2902    i.HAL_TIMEx_BreakCallback  stm32f1xx_hal_tim_ex.o
    0x0800296e   0x0800296e   0x00000002   Code   RO         2903    i.HAL_TIMEx_CommutCallback  stm32f1xx_hal_tim_ex.o
    0x08002970   0x08002970   0x0000005a   Code   RO         2198    i.HAL_TIM_Base_Init  stm32f1xx_hal_tim.o
    0x080029ca   0x080029ca   0x00000002   Code   RO         2200    i.HAL_TIM_Base_MspInit  stm32f1xx_hal_tim.o
    0x080029cc   0x080029cc   0x0000006c   Code   RO         2203    i.HAL_TIM_Base_Start_IT  stm32f1xx_hal_tim.o
    0x08002a38   0x08002a38   0x00000002   Code   RO         2232    i.HAL_TIM_IC_CaptureCallback  stm32f1xx_hal_tim.o
    0x08002a3a   0x08002a3a   0x00000166   Code   RO         2246    i.HAL_TIM_IRQHandler  stm32f1xx_hal_tim.o
    0x08002ba0   0x08002ba0   0x00000002   Code   RO         2249    i.HAL_TIM_OC_DelayElapsedCallback  stm32f1xx_hal_tim.o
    0x08002ba2   0x08002ba2   0x00000002   Code   RO         2276    i.HAL_TIM_PWM_PulseFinishedCallback  stm32f1xx_hal_tim.o
    0x08002ba4   0x08002ba4   0x00000014   Code   RO           14    i.HAL_TIM_PeriodElapsedCallback  main.o
    0x08002bb8   0x08002bb8   0x00000002   Code   RO         2289    i.HAL_TIM_TriggerCallback  stm32f1xx_hal_tim.o
    0x08002bba   0x08002bba   0x00000002   Code   RO         3181    i.HAL_UARTEx_RxEventCallback  stm32f1xx_hal_uart.o
    0x08002bbc   0x08002bbc   0x00000070   Code   RO         3193    i.HAL_UART_DMAStop  stm32f1xx_hal_uart.o
    0x08002c2c   0x08002c2c   0x00000002   Code   RO         3195    i.HAL_UART_ErrorCallback  stm32f1xx_hal_uart.o
    0x08002c2e   0x08002c2e   0x00000002   PAD
    0x08002c30   0x08002c30   0x0000026c   Code   RO         3198    i.HAL_UART_IRQHandler  stm32f1xx_hal_uart.o
    0x08002e9c   0x08002e9c   0x00000064   Code   RO         3199    i.HAL_UART_Init     stm32f1xx_hal_uart.o
    0x08002f00   0x08002f00   0x00000168   Code   RO          303    i.HAL_UART_MspInit  usart.o
    0x08003068   0x08003068   0x00000058   Code   RO          304    i.HAL_UART_ReceiveIdle  usart.o
    0x080030c0   0x080030c0   0x0000001c   Code   RO         3203    i.HAL_UART_Receive_DMA  stm32f1xx_hal_uart.o
    0x080030dc   0x080030dc   0x00000002   Code   RO         3205    i.HAL_UART_RxCpltCallback  stm32f1xx_hal_uart.o
    0x080030de   0x080030de   0x00000002   Code   RO         3206    i.HAL_UART_RxHalfCpltCallback  stm32f1xx_hal_uart.o
    0x080030e0   0x080030e0   0x00000078   Code   RO         3208    i.HAL_UART_Transmit_DMA  stm32f1xx_hal_uart.o
    0x08003158   0x08003158   0x00000060   Code   RO          305    i.HAL_UART_TxCpltCallback  usart.o
    0x080031b8   0x080031b8   0x00000002   Code   RO         3211    i.HAL_UART_TxHalfCpltCallback  stm32f1xx_hal_uart.o
    0x080031ba   0x080031ba   0x00000002   Code   RO          415    i.HardFault_Handler  stm32f1xx_it.o
    0x080031bc   0x080031bc   0x0000004c   Code   RO          278    i.MX_DMA_Init       dma.o
    0x08003208   0x08003208   0x00000028   Code   RO          219    i.MX_FREERTOS_Init  freertos.o
    0x08003230   0x08003230   0x000000f4   Code   RO          195    i.MX_GPIO_Init      gpio.o
    0x08003324   0x08003324   0x00000050   Code   RO          306    i.MX_USART1_UART_Init  usart.o
    0x08003374   0x08003374   0x00000038   Code   RO          307    i.MX_USART2_UART_Init  usart.o
    0x080033ac   0x080033ac   0x00000002   Code   RO          416    i.MemManage_Handler  stm32f1xx_it.o
    0x080033ae   0x080033ae   0x00000002   PAD
    0x080033b0   0x080033b0   0x000000dc   Code   RO          308    i.Motor_data_update  usart.o
    0x0800348c   0x0800348c   0x00000002   Code   RO          417    i.NMI_Handler       stm32f1xx_it.o
    0x0800348e   0x0800348e   0x00000002   PAD
    0x08003490   0x08003490   0x00000030   Code   RO          220    i.StartDefaultTask  freertos.o
    0x080034c0   0x080034c0   0x00000034   Code   RO          221    i.StartTFTLCDTask   freertos.o
    0x080034f4   0x080034f4   0x0000002c   Code   RO         4755    i.SysTick_Handler   port.o
    0x08003520   0x08003520   0x0000005e   Code   RO           15    i.SystemClock_Config  main.o
    0x0800357e   0x0800357e   0x00000002   Code   RO         3533    i.SystemInit        system_stm32f1xx.o
    0x08003580   0x08003580   0x0000000c   Code   RO          418    i.TIM8_UP_IRQHandler  stm32f1xx_it.o
    0x0800358c   0x0800358c   0x0000008c   Code   RO         2291    i.TIM_Base_SetConfig  stm32f1xx_hal_tim.o
    0x08003618   0x08003618   0x00000034   Code   RO          309    i.Transmit_msg_to_f4  usart.o
    0x0800364c   0x0800364c   0x00000010   Code   RO         3212    i.UART_DMAAbortOnError  stm32f1xx_hal_uart.o
    0x0800365c   0x0800365c   0x0000004a   Code   RO         3213    i.UART_DMAError     stm32f1xx_hal_uart.o
    0x080036a6   0x080036a6   0x00000086   Code   RO         3214    i.UART_DMAReceiveCplt  stm32f1xx_hal_uart.o
    0x0800372c   0x0800372c   0x0000001e   Code   RO         3216    i.UART_DMARxHalfCplt  stm32f1xx_hal_uart.o
    0x0800374a   0x0800374a   0x00000042   Code   RO         3218    i.UART_DMATransmitCplt  stm32f1xx_hal_uart.o
    0x0800378c   0x0800378c   0x0000000a   Code   RO         3220    i.UART_DMATxHalfCplt  stm32f1xx_hal_uart.o
    0x08003796   0x08003796   0x0000004e   Code   RO         3222    i.UART_EndRxTransfer  stm32f1xx_hal_uart.o
    0x080037e4   0x080037e4   0x0000001c   Code   RO         3223    i.UART_EndTxTransfer  stm32f1xx_hal_uart.o
    0x08003800   0x08003800   0x000000c2   Code   RO         3224    i.UART_Receive_IT   stm32f1xx_hal_uart.o
    0x080038c2   0x080038c2   0x00000002   PAD
    0x080038c4   0x080038c4   0x000000b8   Code   RO         3225    i.UART_SetConfig    stm32f1xx_hal_uart.o
    0x0800397c   0x0800397c   0x00000090   Code   RO         3226    i.UART_Start_Receive_DMA  stm32f1xx_hal_uart.o
    0x08003a0c   0x08003a0c   0x00000028   Code   RO          310    i.USART1_IRQHandler  usart.o
    0x08003a34   0x08003a34   0x0000000c   Code   RO          419    i.USART2_IRQHandler  stm32f1xx_it.o
    0x08003a40   0x08003a40   0x0000002e   Code   RO          311    i.USART_TX_DMA_Send  usart.o
    0x08003a6e   0x08003a6e   0x00000002   Code   RO          420    i.UsageFault_Handler  stm32f1xx_it.o
    0x08003a70   0x08003a70   0x00000020   Code   RO         1709    i.__NVIC_SetPriority  stm32f1xx_hal_cortex.o
    0x08003a90   0x08003a90   0x0000000e   Code   RO         5392    i.__mathlib_dbl_overflow  m_ws.l(dunder.o)
    0x08003a9e   0x08003a9e   0x00000002   PAD
    0x08003aa0   0x08003aa0   0x00000010   Code   RO         5394    i.__mathlib_dbl_underflow  m_ws.l(dunder.o)
    0x08003ab0   0x08003ab0   0x00000010   Code   RO         5284    i.__mathlib_narrow  m_ws.l(narrow.o)
    0x08003ac0   0x08003ac0   0x000000bc   Code   RO         5285    i.__mathlib_tofloat  m_ws.l(narrow.o)
    0x08003b7c   0x08003b7c   0x00000016   Code   RO         5366    i.__support_ldexp   m_ws.l(ldexp.o)
    0x08003b92   0x08003b92   0x0000000e   Code   RO         4948    i._is_digit         c_w.l(__printf_wp.o)
    0x08003ba0   0x08003ba0   0x00000030   Code   RO          560    i.buffer_skip_whitespace  cjson.o
    0x08003bd0   0x08003bd0   0x00000048   Code   RO          592    i.cJSON_Delete      cjson.o
    0x08003c18   0x08003c18   0x00000006   Code   RO          605    i.cJSON_GetObjectItem  cjson.o
    0x08003c1e   0x08003c1e   0x00000016   Code   RO          622    i.cJSON_New_Item    cjson.o
    0x08003c34   0x08003c34   0x00000008   Code   RO          623    i.cJSON_Parse       cjson.o
    0x08003c3c   0x08003c3c   0x000000dc   Code   RO          625    i.cJSON_ParseWithLengthOpts  cjson.o
    0x08003d18   0x08003d18   0x00000022   Code   RO          626    i.cJSON_ParseWithOpts  cjson.o
    0x08003d3a   0x08003d3a   0x00000002   PAD
    0x08003d3c   0x08003d3c   0x0000007c   Code   RO          312    i.cJSON_msg_parse   usart.o
    0x08003db8   0x08003db8   0x00000058   Code   RO         5326    i.frexp             m_ws.l(frexp.o)
    0x08003e10   0x08003e10   0x0000007a   Code   RO          645    i.get_object_item   cjson.o
    0x08003e8a   0x08003e8a   0x00000074   Code   RO         5367    i.ldexp             m_ws.l(ldexp.o)
    0x08003efe   0x08003efe   0x00000022   Code   RO           16    i.main              main.o
    0x08003f20   0x08003f20   0x0000000c   Code   RO         4326    i.makeFreeRtosPriority  cmsis_os.o
    0x08003f2c   0x08003f2c   0x0000000e   Code   RO         4328    i.osDelay           cmsis_os.o
    0x08003f3a   0x08003f3a   0x0000000a   Code   RO         4331    i.osKernelStart     cmsis_os.o
    0x08003f44   0x08003f44   0x00000054   Code   RO         4365    i.osThreadCreate    cmsis_os.o
    0x08003f98   0x08003f98   0x000000d0   Code   RO          647    i.parse_array       cjson.o
    0x08004068   0x08004068   0x00000040   Code   RO          648    i.parse_hex4        cjson.o
    0x080040a8   0x080040a8   0x000000f0   Code   RO          649    i.parse_number      cjson.o
    0x08004198   0x08004198   0x0000010a   Code   RO          650    i.parse_object      cjson.o
    0x080042a2   0x080042a2   0x0000010c   Code   RO          651    i.parse_string      cjson.o
    0x080043ae   0x080043ae   0x00000002   PAD
    0x080043b0   0x080043b0   0x000000fc   Code   RO          652    i.parse_value       cjson.o
    0x080044ac   0x080044ac   0x00000070   Code   RO         4023    i.prvAddCurrentTaskToDelayedList  tasks.o
    0x0800451c   0x0800451c   0x000000d0   Code   RO         4024    i.prvAddNewTaskToReadyList  tasks.o
    0x080045ec   0x080045ec   0x00000034   Code   RO         4025    i.prvDeleteTCB      tasks.o
    0x08004620   0x08004620   0x0000004c   Code   RO         4693    i.prvHeapInit       heap_4.o
    0x0800466c   0x0800466c   0x00000060   Code   RO         4026    i.prvIdleTask       tasks.o
    0x080046cc   0x080046cc   0x0000008e   Code   RO         4027    i.prvInitialiseNewTask  tasks.o
    0x0800475a   0x0800475a   0x00000002   PAD
    0x0800475c   0x0800475c   0x0000004c   Code   RO         4694    i.prvInsertBlockIntoFreeList  heap_4.o
    0x080047a8   0x080047a8   0x00000020   Code   RO         4028    i.prvResetNextTaskUnblockTime  tasks.o
    0x080047c8   0x080047c8   0x00000028   Code   RO         4756    i.prvTaskExitError  port.o
    0x080047f0   0x080047f0   0x000000d8   Code   RO         4695    i.pvPortMalloc      heap_4.o
    0x080048c8   0x080048c8   0x00000024   Code   RO         4757    i.pxPortInitialiseStack  port.o
    0x080048ec   0x080048ec   0x0000001c   Code   RO         5018    i.strtod            m_ws.l(strtod.o)
    0x08004908   0x08004908   0x000000d2   Code   RO          661    i.utf16_literal_to_utf8  cjson.o
    0x080049da   0x080049da   0x00000026   Code   RO         3671    i.uxListRemove      list.o
    0x08004a00   0x08004a00   0x00000014   Code   RO          222    i.vApplicationGetIdleTaskMemory  freertos.o
    0x08004a14   0x08004a14   0x00000016   Code   RO         3672    i.vListInitialise   list.o
    0x08004a2a   0x08004a2a   0x00000006   Code   RO         3673    i.vListInitialiseItem  list.o
    0x08004a30   0x08004a30   0x00000030   Code   RO         3674    i.vListInsert       list.o
    0x08004a60   0x08004a60   0x00000018   Code   RO         3675    i.vListInsertEnd    list.o
    0x08004a78   0x08004a78   0x00000040   Code   RO         4759    i.vPortEnterCritical  port.o
    0x08004ab8   0x08004ab8   0x00000028   Code   RO         4760    i.vPortExitCritical  port.o
    0x08004ae0   0x08004ae0   0x0000005c   Code   RO         4696    i.vPortFree         heap_4.o
    0x08004b3c   0x08004b3c   0x00000024   Code   RO         4761    i.vPortSetupTimerInterrupt  port.o
    0x08004b60   0x08004b60   0x0000004c   Code   RO         4036    i.vTaskDelay        tasks.o
    0x08004bac   0x08004bac   0x000000ac   Code   RO         4037    i.vTaskDelete       tasks.o
    0x08004c58   0x08004c58   0x0000006c   Code   RO         4049    i.vTaskStartScheduler  tasks.o
    0x08004cc4   0x08004cc4   0x00000010   Code   RO         4051    i.vTaskSuspendAll   tasks.o
    0x08004cd4   0x08004cd4   0x0000005c   Code   RO         4052    i.vTaskSwitchContext  tasks.o
    0x08004d30   0x08004d30   0x000000a8   Code   RO         4763    i.xPortStartScheduler  port.o
    0x08004dd8   0x08004dd8   0x0000005a   Code   RO         4054    i.xTaskCreate       tasks.o
    0x08004e32   0x08004e32   0x00000056   Code   RO         4055    i.xTaskCreateStatic  tasks.o
    0x08004e88   0x08004e88   0x000000c8   Code   RO         4062    i.xTaskIncrementTick  tasks.o
    0x08004f50   0x08004f50   0x000000c4   Code   RO         4068    i.xTaskResumeAll    tasks.o
    0x08005014   0x08005014   0x0000002c   Code   RO         5252    locale$$code        c_w.l(lc_ctype_c.o)
    0x08005040   0x08005040   0x0000002c   Code   RO         5255    locale$$code        c_w.l(lc_numeric_c.o)
    0x0800506c   0x0800506c   0x00000062   Code   RO         5321    x$fpl$d2f           fz_ws.l(d2f.o)
    0x080050ce   0x080050ce   0x00000002   PAD
    0x080050d0   0x080050d0   0x00000010   Code   RO         5152    x$fpl$dcheck1       fz_ws.l(dcheck1.o)
    0x080050e0   0x080050e0   0x00000018   Code   RO         5154    x$fpl$dcmpinf       fz_ws.l(dcmpi.o)
    0x080050f8   0x080050f8   0x00000078   Code   RO         4993    x$fpl$deqf          fz_ws.l(deqf.o)
    0x08005170   0x08005170   0x0000005e   Code   RO         4995    x$fpl$dfix          fz_ws.l(dfix.o)
    0x080051ce   0x080051ce   0x00000002   PAD
    0x080051d0   0x080051d0   0x00000078   Code   RO         5005    x$fpl$dleqf         fz_ws.l(dleqf.o)
    0x08005248   0x08005248   0x0000009c   Code   RO         5156    x$fpl$dnaninf       fz_ws.l(dnaninf.o)
    0x080052e4   0x080052e4   0x0000006c   Code   RO         5007    x$fpl$drleqf        fz_ws.l(drleqf.o)
    0x08005350   0x08005350   0x0000000a   Code   RO         5363    x$fpl$fretinf       fz_ws.l(fretinf.o)
    0x0800535a   0x0800535a   0x00000006   Code   RO         5272    x$fpl$ieeestatus    fz_ws.l(istatus.o)
    0x08005360   0x08005360   0x00000064   Code   RO         5274    x$fpl$retnan        fz_ws.l(retnan.o)
    0x080053c4   0x080053c4   0x0000005c   Code   RO         5013    x$fpl$scalbn        fz_ws.l(scalbn.o)
    0x08005420   0x08005420   0x00000004   Code   RO         5015    x$fpl$scanf1        fz_ws.l(scanf1.o)
    0x08005424   0x08005424   0x00000008   Code   RO         5276    x$fpl$scanf2        fz_ws.l(scanf2.o)
    0x0800542c   0x0800542c   0x00000030   Code   RO         5323    x$fpl$trapveneer    fz_ws.l(trapv.o)
    0x0800545c   0x0800545c   0x00000000   Code   RO         5168    x$fpl$usenofp       fz_ws.l(usenofp.o)
    0x0800545c   0x0800545c   0x00000038   Data   RO          224    .constdata          freertos.o
    0x08005494   0x08005494   0x00000012   Data   RO         1407    .constdata          stm32f1xx_hal_rcc.o
    0x080054a6   0x080054a6   0x00000010   Data   RO         3534    .constdata          system_stm32f1xx.o
    0x080054b6   0x080054b6   0x00000008   Data   RO         3535    .constdata          system_stm32f1xx.o
    0x080054be   0x080054be   0x00000002   PAD
    0x080054c0   0x080054c0   0x00000094   Data   RO         5225    .constdata          c_w.l(bigflt0.o)
    0x08005554   0x08005554   0x00000018   Data   RO          225    .conststring        freertos.o
    0x0800556c   0x0800556c   0x00000020   Data   RO         5428    Region$$Table       anon$$obj.o
    0x0800558c   0x0800558c   0x00000008   Data   RO         5266    c$$dinf             fz_ws.l(fpconst.o)
    0x08005594   0x08005594   0x00000008   Data   RO         5269    c$$dmax             fz_ws.l(fpconst.o)
    0x0800559c   0x0800559c   0x00000110   Data   RO         5251    locale$$data        c_w.l(lc_ctype_c.o)
    0x080056ac   0x080056ac   0x0000001c   Data   RO         5254    locale$$data        c_w.l(lc_numeric_c.o)


    Execution Region RW_IRAM1 (Exec base: 0x20000000, Load base: 0x080056c8, Size: 0x00001d18, Max: 0x00010000, ABSOLUTE)

    Exec Addr    Load Addr    Size         Type   Attr      Idx    E Section Name        Object

    0x20000000   0x080056c8   0x00000008   Data   RW          226    .data               freertos.o
    0x20000008   0x080056d0   0x00000004   Data   RW          315    .data               usart.o
    0x2000000c   0x080056d4   0x00000001   Data   RW          316    .data               usart.o
    0x2000000d   0x080056d5   0x00000003   PAD
    0x20000010   0x080056d8   0x00000014   Data   RW          663    .data               cjson.o
    0x20000024   0x080056ec   0x0000000c   Data   RW         1244    .data               stm32f1xx_hal.o
    0x20000030   0x080056f8   0x00000004   Data   RW         3536    .data               system_stm32f1xx.o
    0x20000034   0x080056fc   0x0000003c   Data   RW         4071    .data               tasks.o
    0x20000070   0x08005738   0x00000018   Data   RW         4701    .data               heap_4.o
    0x20000088   0x08005750   0x0000000c   Data   RW         4764    .data               port.o
    0x20000094        -       0x00000254   Zero   RW          223    .bss                freertos.o
    0x200002e8        -       0x00000298   Zero   RW          314    .bss                usart.o
    0x20000580        -       0x00000048   Zero   RW          525    .bss                stm32f1xx_hal_timebase_tim.o
    0x200005c8        -       0x000000f0   Zero   RW         4070    .bss                tasks.o
    0x200006b8        -       0x00000c00   Zero   RW         4700    .bss                heap_4.o
    0x200012b8        -       0x00000060   Zero   RW         5172    .bss                c_w.l(libspace.o)
    0x20001318        -       0x00000200   Zero   RW            2    HEAP                startup_stm32f103xe.o
    0x20001518        -       0x00000800   Zero   RW            1    STACK               startup_stm32f103xe.o


==============================================================================

Image component sizes


      Code (inc. data)   RO Data    RW Data    ZI Data      Debug   Object Name

      2040         64          0         20          0      17824   cjson.o
       120          0          0          0          0      22097   cmsis_os.o
        76          4          0          0          0        710   dma.o
         0          0          0          0          0      18076   event_groups.o
       160         38         80          8        596       2881   freertos.o
       244         16          0          0          0        971   gpio.o
       460         24          0         24       3072       7015   heap_4.o
       138          0          0          0          0       3210   list.o
       152          6          0          0          0     518868   main.o
       578         60          0         12          0       9988   port.o
        64         26        304          0       2560        780   startup_stm32f103xe.o
        64         14          0         12          0       5062   stm32f1xx_hal.o
       158         14          0          0          0      28034   stm32f1xx_hal_cortex.o
      1242         52          0          0          0       5429   stm32f1xx_hal_dma.o
       514         42          0          0          0       2812   stm32f1xx_hal_gpio.o
        72         10          0          0          0        810   stm32f1xx_hal_msp.o
      1304         94         18          0          0       5517   stm32f1xx_hal_rcc.o
       706         40          0          0          0       6780   stm32f1xx_hal_tim.o
         4          0          0          0          0       1485   stm32f1xx_hal_tim_ex.o
       140         22          0          0         72       1331   stm32f1xx_hal_timebase_tim.o
      1948         38          0          0          0      14577   stm32f1xx_hal_uart.o
        72         30          0          0          0       4471   stm32f1xx_it.o
         2          0         24          4          0       1023   system_stm32f1xx.o
      1678        124          0         60        240      16436   tasks.o
      1162        148          0          5        664       9614   usart.o

    ----------------------------------------------------------------------
     13124        866        460        148       7204     705801   Object Totals
         0          0         32          0          0          0   (incl. Generated)
        26          0          2          3          0          0   (incl. Padding)

    ----------------------------------------------------------------------

      Code (inc. data)   RO Data    RW Data    ZI Data      Debug   Library Member Name

         8          0          0          0          0         68   __main.o
        14          0          0          0          0         68   __printf_wp.o
         0          0          0          0          0          0   __rtentry.o
        12          0          0          0          0          0   __rtentry2.o
         6          0          0          0          0          0   __rtentry4.o
        52          8          0          0          0          0   __scatter.o
        26          0          0          0          0          0   __scatter_copy.o
        28          0          0          0          0          0   __scatter_zi.o
        28          0          0          0          0         68   _chval.o
        22          0          0          0          0        100   _rserrno.o
        64          0          0          0          0         84   _sgetc.o
       228          4        148          0          0         96   bigflt0.o
      1924        136          0          0          0        756   btod.o
        10          0          0          0          0         68   defsig_exit.o
        50          0          0          0          0         88   defsig_general.o
        80         58          0          0          0         76   defsig_rtmem_inner.o
        14          0          0          0          0         80   defsig_rtmem_outer.o
        18          0          0          0          0         80   exit.o
        94          0          0          0          0         80   h1_alloc.o
        52          0          0          0          0         68   h1_extend.o
        78          0          0          0          0         80   h1_free.o
        14          0          0          0          0         84   h1_init.o
       184          0          0          0          0         92   h1_realloc.o
         6          0          0          0          0        152   heapauxi.o
         4          0          0          0          0        136   hguard.o
         0          0          0          0          0          0   indicate_semi.o
       138          0          0          0          0        168   init_alloc.o
        18          0          0          0          0         76   isspace.o
        44         10        272          0          0         76   lc_ctype_c.o
        44         10         28          0          0         76   lc_numeric_c.o
         2          0          0          0          0          0   libinit.o
        38          0          0          0          0          0   libinit2.o
         2          0          0          0          0          0   libshutdown.o
         2          0          0          0          0          0   libshutdown2.o
         8          4          0          0         96         68   libspace.o
        38          0          0          0          0         68   llshl.o
         0          0          0          0          0          0   maybetermalloc1.o
        16          4          0          0          0         76   rt_ctype_table.o
         8          4          0          0          0         68   rt_errno_addr_intlibspace.o
         8          4          0          0          0         68   rt_heap_descriptor_intlibspace.o
         8          4          0          0          0         68   rt_locale_intlibspace.o
        68          0          0          0          0         68   rt_memclr.o
        78          0          0          0          0         80   rt_memclr_w.o
       100          0          0          0          0         80   rt_memcpy_w.o
         2          0          0          0          0          0   rtexit.o
        10          0          0          0          0          0   rtexit2.o
      1272         16          0          0          0        168   scanf_fp.o
       800         14          0          0          0        100   scanf_hexfp.o
       308         16          0          0          0        100   scanf_infnan.o
       128          0          0          0          0         68   strcmpv7m.o
        62          0          0          0          0         76   strlen.o
       150          0          0          0          0         80   strncmp.o
       164         14          0          0          0        120   strtod.o
        12          4          0          0          0         68   sys_exit.o
        74          0          0          0          0         80   sys_stackheap_outer.o
        14          0          0          0          0         76   sys_wrch.o
        26          0          0          0          0         76   tolower.o
         2          0          0          0          0         68   use_no_semi.o
        98          4          0          0          0         92   d2f.o
        16          4          0          0          0         68   dcheck1.o
        24          0          0          0          0         68   dcmpi.o
       120          4          0          0          0         92   deqf.o
        94          4          0          0          0         92   dfix.o
       120          4          0          0          0         92   dleqf.o
       156          4          0          0          0         92   dnaninf.o
       108          0          0          0          0         80   drleqf.o
         0          0         16          0          0          0   fpconst.o
        10          0          0          0          0         68   fretinf.o
         6          0          0          0          0         68   istatus.o
       100          0          0          0          0         68   retnan.o
        92          0          0          0          0         68   scalbn.o
         4          0          0          0          0         68   scanf1.o
         8          0          0          0          0         84   scanf2.o
        48          0          0          0          0         68   trapv.o
         0          0          0          0          0          0   usenofp.o
        30          6          0          0          0        136   dunder.o
        88          8          0          0          0         76   frexp.o
       138          0          0          0          0        160   ldexp.o
       204          4          0          0          0        168   narrow.o
        28          0          0          0          0         80   strtod.o

    ----------------------------------------------------------------------
      8168        354        464          0         96       6232   Library Totals
        16          2          0          0          0          0   (incl. Padding)

    ----------------------------------------------------------------------

      Code (inc. data)   RO Data    RW Data    ZI Data      Debug   Library Name

      6660        310        448          0         96       4444   c_w.l
      1004         24         16          0          0       1168   fz_ws.l
       488         18          0          0          0        620   m_ws.l

    ----------------------------------------------------------------------
      8168        354        464          0         96       6232   Library Totals

    ----------------------------------------------------------------------

==============================================================================


      Code (inc. data)   RO Data    RW Data    ZI Data      Debug   

     21292       1220        924        148       7300     701369   Grand Totals
     21292       1220        924        148       7300     701369   ELF Image Totals
     21292       1220        924        148          0          0   ROM Totals

==============================================================================

    Total RO  Size (Code + RO Data)                22216 (  21.70kB)
    Total RW  Size (RW Data + ZI Data)              7448 (   7.27kB)
    Total ROM Size (Code + RO Data + RW Data)      22364 (  21.84kB)

==============================================================================

